2026-09-13T14:16:59-04:00	Q001	stathead	batting-season-finder	SB>=46 OPS<=.535 PA>=450 1871-2026	rows=4	Nunez Q1
2026-09-13T14:23:50-04:00	Q002	stathead	batting-season-finder	SB>=40 HR<=1 PA>=450 1871-2026	rows=171	Nunez Q2
2026-09-13T14:25:11-04:00	Q003	stathead	pitching-season-finder	SO>=191 W<=5 1871-2026	rows=1	Detmers Q1
2026-09-13T14:26:02-04:00	Q004	stathead	pitching-season-finder	SO>=191 W<=8 1871-2026	rows=23	Detmers Q1 widened
2026-09-13T14:27:32-04:00	Q005	stathead	pitching-game-finder	2026 GS nodec IP>=6 ER<=1 count by player	rows=124	Detmers Q2
2026-09-13T14:29:01-04:00	Q006	stathead	pitching-game-finder	1898-2026 GS nodec IP>=6 ER<=1 count by player-season	rows=200 (p1 of more; complete for Count>=6)	Detmers Q2 widened
2026-09-13T14:29:42-04:00	Q007	stathead	pitching-season-finder	qual ERA<=2.93 SO9<=5.31 2000-2026	rows=4	Martinez Q1
2026-09-13T14:30:40-04:00	Q008	stathead	pitching-season-finder	qual SO9<=5.5 BB9<=1.5 ERA<=3.00 1990-2026 (1871-2026 version capped at 200, not used)	rows=6	Martinez Q2
2026-09-13T14:32:26-04:00	Q009	stathead	batting-season-finder	HR>=30 age<=22 1871-2026 (Q2 = rows HR>=31)	rows=53	Stewart Q1+Q2
2026-09-13T14:33:09-04:00	Q010	stathead	pitching-season-finder	ERA<=2.18 IP>=150 age>=37 1871-2026	rows=14	Sale Q1
2026-09-13T14:34:27-04:00	Q011	stathead	pitching-season-finder	SO>=190 age>=37 1871-2026	rows=33	Sale Q2 part 1
2026-09-13T14:35:35-04:00	Q012	stathead	pitching-season-finder (combined/career)	career SO>=2700 1871-2026	rows=27	Sale Q2 part 2
2026-09-14T12:35:02-04:00	Q001	stathead	batting-season-finder	2026 HR>=25 BA<=.220 PA>=350	rows=2	discovery hr_low_avg
2026-09-14T12:35:02-04:00	Q002	stathead	batting-season-finder	2026 BA>=.295 PA>=400 sort BB	rows=10	discovery avg_no_walks
2026-09-14T12:35:52-04:00	Q003	stathead	batting-season-finder	2026 SB>=25 OBP<=.300 PA>=350	rows=3	discovery sb_low_obp
2026-09-14T12:35:52-04:00	Q004	stathead	pitching-season-finder	2026 ERA<=3.10 SO9<=6.5 IP>=100 GS>=15	rows=1	discovery era_low_k
2026-09-14T12:36:46-04:00	Q005	stathead	batting-season-finder	2026 RBI>=80 OPS<=.700 PA>=400	rows=2	discovery rbi_low_ops
2026-09-14T12:36:46-04:00	Q006	stathead	batting-season-finder	2026 H>=150 R<=60	rows=1	discovery hits_few_runs
2026-09-14T12:36:46-04:00	Q007	stathead	batting-season-finder	2026 HR>=25 age<=22	rows=2	discovery young_power
2026-09-14T12:38:18-04:00	Q008	stathead	batting-season-finder	2026 OPS>=.850 age>=36 PA>=350	rows=0	discovery old_bat
2026-09-14T12:38:18-04:00	Q009	stathead	pitching-season-finder	2026 ERA<=3.25 age>=37 IP>=100	rows=1	discovery old_arm
2026-09-14T12:38:18-04:00	Q010	stathead	pitching-season-finder	2026 SO>=190 W<=8 GS>=20	rows=1	discovery k_no_wins
2026-09-14T12:38:18-04:00	Q011	stathead	batting-season-finder	2026 OPS>=.800 age>=35 PA>=350	rows=2	Muncy age check
2026-09-14T12:38:18-04:00	Q012	stathead	pitching-season-finder	2026 SV>=28 ERA>=4.50	rows=0	discovery saves_bad_era
2026-09-14T12:39:17-04:00	Q013	stathead	batting-season-finder	2026 HR>=28 2B<=14 PA>=400	rows=1	discovery hr_no_doubles
2026-09-14T12:39:17-04:00	Q014	stathead	pitching-season-finder	2026 IP>=170 SO<=120 GS>=20	rows=0	discovery workhorse_low_k
2026-09-14T12:39:17-04:00	Q015	stathead	batting-season-finder	2026 OBP>=.380 HR<=5 PA>=400	rows=0	discovery obp_no_power
2026-09-14T12:40:57-04:00	Q016	stathead	batting-game-finder combined	Aug30-Sep13 PA>=45 OPS>=1.000 (164 rows without floor)	rows=17	discovery heat 15d
2026-09-14T12:40:57-04:00	Q017	stathead	batting-game-finder combined	Aug15-Sep13 PA>=90 HR>=10	rows=2	discovery heat 30d HR
2026-09-14T12:40:57-04:00	Q018	stathead	pitching-game-finder combined	Aug15-Sep13 IP>=30 ERA<=1.50	rows=6	discovery heat 30d pitching
2026-09-15T19:50:00-04:00	Q001	stathead	batting-season-finder	2026 HR>=25 BA<=.220 PA>=350	rows=2	discovery hr_low_avg
2026-09-15T19:51:00-04:00	Q002	stathead	batting-season-finder	2026 BA>=.295 PA>=400 sort BB asc	rows=11	discovery avg_no_walks
2026-09-15T19:52:00-04:00	Q003	stathead	batting-season-finder	2026 SB>=25 OBP<=.300 PA>=350	rows=2	discovery sb_low_obp
2026-09-15T19:53:00-04:00	Q004	stathead	pitching-season-finder	2026 ERA<=3.10 SO9<=6.5 IP>=100 GS>=15	rows=1	discovery era_low_k
2026-09-15T19:54:00-04:00	Q005	stathead	batting-season-finder	2026 RBI>=80 OPS<=.700 PA>=400	rows=2	discovery rbi_low_ops
2026-09-15T19:55:00-04:00	Q006	stathead	batting-season-finder	2026 H>=150 R<=60	rows=2	discovery hits_few_runs
2026-09-15T19:56:00-04:00	Q007	stathead	batting-season-finder	2026 HR>=25 Age<=22	rows=2	discovery young_power; AGE FIX VERIFIED
2026-09-15T19:57:00-04:00	Q008	stathead	batting-season-finder	2026 OPS>=.850 Age>=36 PA>=350	rows=0	discovery old_bat
2026-09-15T19:58:00-04:00	Q009	stathead	pitching-season-finder	2026 ERA<=3.25 Age>=37 IP>=100	rows=1	discovery old_arm
2026-09-15T19:59:00-04:00	Q010	stathead	pitching-season-finder	2026 SO>=190 W<=8 GS>=20	rows=1	discovery k_no_wins
2026-09-15T20:00:00-04:00	Q011	stathead	pitching-season-finder	2026 SV>=28 ERA>=4.50	rows=0	discovery saves_bad_era
2026-09-15T20:01:00-04:00	Q012	stathead	batting-season-finder	2026 HR>=28 2B<=14 PA>=400	rows=1	discovery hr_no_doubles
2026-09-15T20:02:00-04:00	Q013	stathead	pitching-season-finder	2026 IP>=170 SO<=120 GS>=20	rows=0	discovery workhorse_low_k
2026-09-15T20:03:00-04:00	Q014	stathead	batting-season-finder	2026 OBP>=.380 HR<=5 PA>=400	rows=0	discovery obp_no_power
2026-09-15T20:05:00-04:00	Q015	stathead	batting-game-finder combined	Aug31-Sep14 PA>=45 OPS>=1.000	rows=23	discovery heat 15d
2026-09-15T20:06:00-04:00	Q016	stathead	batting-game-finder combined	Aug16-Sep14 PA>=90 HR>=10	rows=3	discovery heat 30d HR
2026-09-15T20:07:00-04:00	Q017	stathead	pitching-game-finder combined	Aug16-Sep14 IP>=30 ERA<=1.50	rows=5	discovery heat 30d pitching
2026-09-15T20:09:00-04:00	Q018	baseball-reference	player page detmere01	career pitching row, 6 Yrs	rows=1	milestone Detmers 697 K
2026-09-15T20:11:00-04:00	Q019	baseball-reference	player page crowape01	career batting row, 4 Yrs	rows=1	milestone Crow-Armstrong 398 H
2026-09-15T20:13:00-04:00	Q020	baseball-reference	player page adelljo01	career batting row, 7 Yrs	rows=1	milestone Adell 96 HR (API says 97)
2026-09-15T20:16:00-04:00	Q021	stathead	batting-season-finder	2026 HR>=30 SB>=25	rows=2	follow-up 40-40 watch PCA 42/37
2026-09-20T16:18:34.210Z	Q001	stathead	Discovery [hr_low_avg] power with no average	rows=1
2026-09-20T16:18:38.125Z	Q002	stathead	Discovery [avg_no_walks] high average, no walks	rows=1
2026-09-20T16:18:42.307Z	Q003	stathead	Discovery [sb_low_obp] steals without getting on	rows=1
2026-09-20T16:19:14.320Z	Q004	stathead	Discovery [rbi_low_ops] RBI on a bad bat	rows=1
2026-09-20T16:19:17.612Z	Q005	stathead	Discovery [hits_few_runs] hits without runs	rows=1
2026-09-20T16:19:22.249Z	Q006	stathead	Discovery [young_power] power at 22 or under	rows=1
2026-09-20T16:19:54.186Z	Q007	stathead	Discovery [old_arm] elite arm at 37 or older	rows=1
2026-09-20T16:20:54.339Z	Q008	stathead	Discovery [hr_no_doubles] homers but no doubles	rows=1
2026-09-20T16:20:58.556Z	Q009	stathead	Discovery [workhorse_low_k] innings without strikeouts	rows=11
2026-09-20T16:36:15.286Z	Q001	stathead	Discovery [hr_low_avg] power with no average	rows=1
2026-09-20T16:36:19.230Z	Q002	stathead	Discovery [avg_no_walks] high average, no walks	rows=1
2026-09-20T16:36:23.395Z	Q003	stathead	Discovery [sb_low_obp] steals without getting on	rows=1
2026-09-20T16:36:55.503Z	Q004	stathead	Discovery [rbi_low_ops] RBI on a bad bat	rows=1
2026-09-20T16:36:59.435Z	Q005	stathead	Discovery [hits_few_runs] hits without runs	rows=1
2026-09-20T16:37:03.510Z	Q006	stathead	Discovery [young_power] power at 22 or under	rows=1
2026-09-20T16:37:35.290Z	Q007	stathead	Discovery [old_arm] elite arm at 37 or older	rows=1
2026-09-20T16:38:35.373Z	Q008	stathead	Discovery [hr_no_doubles] homers but no doubles	rows=1
2026-09-20T16:38:39.441Z	Q009	stathead	Discovery [workhorse_low_k] innings without strikeouts	rows=11
2026-09-21T22:08:34.922Z	Q001	stathead-browser	Discovery [hr_low_avg] power with no average	rows=3
2026-09-21T22:08:38.944Z	Q002	stathead-browser	Discovery [avg_no_walks] high average, no walks	rows=10
2026-09-21T22:08:43.169Z	Q003	stathead-browser	Discovery [sb_low_obp] steals without getting on	rows=2
2026-09-21T22:08:51.015Z	Q004	stathead-browser	Discovery [rbi_low_ops] RBI on a bad bat	rows=1
2026-09-21T22:08:55.102Z	Q005	stathead-browser	Discovery [hits_few_runs] hits without runs	rows=2
2026-09-21T22:08:59.079Z	Q006	stathead-browser	Discovery [young_power] power at 22 or under	rows=3
2026-09-21T22:09:07.134Z	Q007	stathead-browser	Discovery [old_arm] elite arm at 37 or older	rows=1
2026-09-21T22:09:19.000Z	Q008	stathead-browser	Discovery [hr_no_doubles] homers but no doubles	rows=1
2026-09-21T22:09:23.136Z	Q009	stathead-browser	Discovery [workhorse_low_k] innings without strikeouts	rows=20
2026-09-21T22:12:02.639Z	Q001	stathead-browser	Discovery [hr_low_avg] power with no average	rows=3
2026-09-21T22:12:06.686Z	Q002	stathead-browser	Discovery [avg_no_walks] high average, no walks	rows=10
2026-09-21T22:12:10.560Z	Q003	stathead-browser	Discovery [sb_low_obp] steals without getting on	rows=2
2026-09-21T22:12:14.385Z	Q004	stathead-browser	Discovery [era_low_k] low ERA, low strikeouts	rows=0
2026-09-21T22:12:18.685Z	Q005	stathead-browser	Discovery [rbi_low_ops] RBI on a bad bat	rows=1
2026-09-21T22:12:22.676Z	Q006	stathead-browser	Discovery [hits_few_runs] hits without runs	rows=2
2026-09-21T22:12:26.525Z	Q007	stathead-browser	Discovery [young_power] power at 22 or under	rows=3
2026-09-21T22:12:30.687Z	Q008	stathead-browser	Discovery [old_bat] elite bat at 36 or older	rows=0
2026-09-21T22:12:34.826Z	Q009	stathead-browser	Discovery [old_arm] elite arm at 37 or older	rows=1
2026-09-21T22:12:38.773Z	Q010	stathead-browser	Discovery [k_no_wins] strikeouts, no wins	rows=1
2026-09-21T22:12:42.586Z	Q011	stathead-browser	Discovery [saves_bad_era] saves with a bad ERA	rows=0
2026-09-21T22:12:46.990Z	Q012	stathead-browser	Discovery [hr_no_doubles] homers but no doubles	rows=1
2026-09-21T22:12:50.786Z	Q013	stathead-browser	Discovery [workhorse_low_k] innings without strikeouts	rows=1
2026-09-21T22:12:54.658Z	Q014	stathead-browser	Discovery [obp_no_power] on base with no power	rows=0
2026-09-22T00:06:10.618Z	Q001	stathead-browser	Discovery [hr_low_avg] power with no average	rows=3
2026-09-22T00:06:14.628Z	Q002	stathead-browser	Discovery [avg_no_walks] high average, no walks	rows=10
2026-09-22T00:06:18.847Z	Q003	stathead-browser	Discovery [sb_low_obp] steals without getting on	rows=2
2026-09-22T00:06:22.496Z	Q004	stathead-browser	Discovery [era_low_k] low ERA, low strikeouts	rows=0
2026-09-22T00:06:26.540Z	Q005	stathead-browser	Discovery [rbi_low_ops] RBI on a bad bat	rows=1
2026-09-22T00:06:30.521Z	Q006	stathead-browser	Discovery [hits_few_runs] hits without runs	rows=2
2026-09-22T00:06:34.501Z	Q007	stathead-browser	Discovery [young_power] power at 22 or under	rows=3
2026-09-22T00:06:38.388Z	Q008	stathead-browser	Discovery [old_bat] elite bat at 36 or older	rows=0
2026-09-22T00:06:42.470Z	Q009	stathead-browser	Discovery [old_arm] elite arm at 37 or older	rows=1
2026-09-22T00:06:46.626Z	Q010	stathead-browser	Discovery [k_no_wins] strikeouts, no wins	rows=1
2026-09-22T00:06:50.507Z	Q011	stathead-browser	Discovery [saves_bad_era] saves with a bad ERA	rows=0
2026-09-22T00:06:54.581Z	Q012	stathead-browser	Discovery [hr_no_doubles] homers but no doubles	rows=1
2026-09-22T00:06:58.593Z	Q013	stathead-browser	Discovery [workhorse_low_k] innings without strikeouts	rows=1
2026-09-22T00:07:02.614Z	Q014	stathead-browser	Discovery [obp_no_power] on base with no power	rows=0
2026-09-22T15:05:18.665Z	Q001	stathead-browser	Discovery [hr_low_avg] power with no average	rows=3
2026-09-22T15:05:22.753Z	Q002	stathead-browser	Discovery [avg_no_walks] high average, no walks	rows=10
2026-09-22T15:05:26.868Z	Q003	stathead-browser	Discovery [sb_low_obp] steals without getting on	rows=2
2026-09-22T15:05:30.465Z	Q004	stathead-browser	Discovery [era_low_k] low ERA, low strikeouts	rows=0
2026-09-22T15:05:34.666Z	Q005	stathead-browser	Discovery [rbi_low_ops] RBI on a bad bat	rows=1
2026-09-22T15:05:38.735Z	Q006	stathead-browser	Discovery [hits_few_runs] hits without runs	rows=2
2026-09-22T15:05:42.608Z	Q007	stathead-browser	Discovery [young_power] power at 22 or under	rows=3
2026-09-22T15:05:46.547Z	Q008	stathead-browser	Discovery [old_bat] elite bat at 36 or older	rows=0
2026-09-22T15:05:50.901Z	Q009	stathead-browser	Discovery [old_arm] elite arm at 37 or older	rows=1
2026-09-22T15:05:54.886Z	Q010	stathead-browser	Discovery [k_no_wins] strikeouts, no wins	rows=1
2026-09-22T15:05:58.659Z	Q011	stathead-browser	Discovery [saves_bad_era] saves with a bad ERA	rows=0
2026-09-22T15:06:03.098Z	Q012	stathead-browser	Discovery [hr_no_doubles] homers but no doubles	rows=1
2026-09-22T15:06:06.767Z	Q013	stathead-browser	Discovery [workhorse_low_k] innings without strikeouts	rows=1
2026-09-22T15:06:10.897Z	Q014	stathead-browser	Discovery [obp_no_power] on base with no power	rows=0
2026-09-22T23:21:10.201Z	Q001	stathead-browser	Discovery [hr_low_avg] power with no average	rows=3
2026-09-22T23:21:14.047Z	Q002	stathead-browser	Discovery [avg_no_walks] high average, no walks	rows=10
2026-09-22T23:21:18.014Z	Q003	stathead-browser	Discovery [sb_low_obp] steals without getting on	rows=2
2026-09-22T23:21:21.885Z	Q004	stathead-browser	Discovery [era_low_k] low ERA, low strikeouts	rows=0
2026-09-22T23:21:25.943Z	Q005	stathead-browser	Discovery [rbi_low_ops] RBI on a bad bat	rows=1
2026-09-22T23:21:30.117Z	Q006	stathead-browser	Discovery [hits_few_runs] hits without runs	rows=2
2026-09-22T23:21:34.062Z	Q007	stathead-browser	Discovery [young_power] power at 22 or under	rows=3
2026-09-22T23:21:37.954Z	Q008	stathead-browser	Discovery [old_bat] elite bat at 36 or older	rows=0
2026-09-22T23:21:41.884Z	Q009	stathead-browser	Discovery [old_arm] elite arm at 37 or older	rows=1
2026-09-22T23:21:46.113Z	Q010	stathead-browser	Discovery [k_no_wins] strikeouts, no wins	rows=1
2026-09-22T23:21:49.939Z	Q011	stathead-browser	Discovery [saves_bad_era] saves with a bad ERA	rows=0
2026-09-22T23:21:54.302Z	Q012	stathead-browser	Discovery [hr_no_doubles] homers but no doubles	rows=1
2026-09-22T23:21:57.937Z	Q013	stathead-browser	Discovery [workhorse_low_k] innings without strikeouts	rows=1
2026-09-22T23:22:01.998Z	Q014	stathead-browser	Discovery [obp_no_power] on base with no power	rows=0
2026-09-24T14:34:59.496Z	Q001	stathead-browser	Discovery [hr_low_avg] power with no average	rows=4
2026-09-24T14:35:03.455Z	Q002	stathead-browser	Discovery [avg_no_walks] high average, no walks	rows=9
2026-09-24T14:35:07.391Z	Q003	stathead-browser	Discovery [sb_low_obp] steals without getting on	rows=3
2026-09-24T14:35:11.329Z	Q004	stathead-browser	Discovery [era_low_k] low ERA, low strikeouts	rows=0
2026-09-24T14:35:15.472Z	Q005	stathead-browser	Discovery [rbi_low_ops] RBI on a bad bat	rows=1
2026-09-24T14:35:19.347Z	Q006	stathead-browser	Discovery [hits_few_runs] hits without runs	rows=2
2026-09-24T14:35:23.287Z	Q007	stathead-browser	Discovery [young_power] power at 22 or under	rows=3
2026-09-24T14:35:27.510Z	Q008	stathead-browser	Discovery [old_bat] elite bat at 36 or older	rows=0
2026-09-24T14:35:31.388Z	Q009	stathead-browser	Discovery [old_arm] elite arm at 37 or older	rows=1
2026-09-24T14:35:35.450Z	Q010	stathead-browser	Discovery [k_no_wins] strikeouts, no wins	rows=1
2026-09-24T14:35:39.370Z	Q011	stathead-browser	Discovery [saves_bad_era] saves with a bad ERA	rows=0
2026-09-24T14:35:43.558Z	Q012	stathead-browser	Discovery [hr_no_doubles] homers but no doubles	rows=0
2026-09-24T14:35:47.550Z	Q013	stathead-browser	Discovery [workhorse_low_k] innings without strikeouts	rows=1
2026-09-24T14:35:51.450Z	Q014	stathead-browser	Discovery [obp_no_power] on base with no power	rows=0
2026-09-25T17:06:40.054Z	Q001	stathead-browser	Discovery [hr_low_avg] power with no average	rows=4
2026-09-25T17:06:44.045Z	Q002	stathead-browser	Discovery [avg_no_walks] high average, no walks	rows=10
2026-09-25T17:06:48.074Z	Q003	stathead-browser	Discovery [sb_low_obp] steals without getting on	rows=3
2026-09-25T17:06:51.918Z	Q004	stathead-browser	Discovery [era_low_k] low ERA, low strikeouts	rows=0
2026-09-25T17:06:56.030Z	Q005	stathead-browser	Discovery [rbi_low_ops] RBI on a bad bat	rows=2
2026-09-25T17:07:00.067Z	Q006	stathead-browser	Discovery [hits_few_runs] hits without runs	rows=2
2026-09-25T17:07:04.046Z	Q007	stathead-browser	Discovery [young_power] power at 22 or under	rows=4
2026-09-25T17:07:08.113Z	Q008	stathead-browser	Discovery [old_bat] elite bat at 36 or older	rows=0
2026-09-25T17:07:12.135Z	Q009	stathead-browser	Discovery [old_arm] elite arm at 37 or older	rows=1
2026-09-25T17:07:16.263Z	Q010	stathead-browser	Discovery [k_no_wins] strikeouts, no wins	rows=1
2026-09-25T17:07:20.136Z	Q011	stathead-browser	Discovery [saves_bad_era] saves with a bad ERA	rows=0
2026-09-25T17:07:24.071Z	Q012	stathead-browser	Discovery [hr_no_doubles] homers but no doubles	rows=0
2026-09-25T17:07:28.386Z	Q013	stathead-browser	Discovery [workhorse_low_k] innings without strikeouts	rows=1
2026-09-25T17:07:32.262Z	Q014	stathead-browser	Discovery [obp_no_power] on base with no power	rows=0
2026-09-25T17:10:04.395Z	Q001	stathead-browser	History [hr40_sb40] every 40-homer, 40-steal season	rows=7
2026-09-25T17:10:14.167Z	Q002	stathead-browser	History [hr30_sb30] every 30-homer, 30-steal season	rows=81
2026-09-25T17:10:18.782Z	Q003	stathead-browser	History [hr40_sb30_age24] 40 HR and 30 SB at 24 or younger	rows=4
2026-09-25T17:10:25.513Z	Q001	stathead-browser	Discovery [hr_low_avg] power with no average	rows=4
2026-09-25T17:10:29.648Z	Q002	stathead-browser	Discovery [avg_no_walks] high average, no walks	rows=10
2026-09-25T17:10:33.791Z	Q003	stathead-browser	Discovery [sb_low_obp] steals without getting on	rows=3
2026-09-25T17:10:37.734Z	Q004	stathead-browser	Discovery [era_low_k] low ERA, low strikeouts	rows=0
2026-09-25T17:10:41.832Z	Q005	stathead-browser	Discovery [rbi_low_ops] RBI on a bad bat	rows=2
2026-09-25T17:10:45.651Z	Q006	stathead-browser	Discovery [hits_few_runs] hits without runs	rows=2
2026-09-25T17:10:49.478Z	Q007	stathead-browser	Discovery [young_power] power at 22 or under	rows=4
2026-09-25T17:10:53.420Z	Q008	stathead-browser	Discovery [old_bat] elite bat at 36 or older	rows=0
2026-09-25T17:10:57.478Z	Q009	stathead-browser	Discovery [old_arm] elite arm at 37 or older	rows=1
2026-09-25T17:11:01.589Z	Q010	stathead-browser	Discovery [k_no_wins] strikeouts, no wins	rows=1
2026-09-25T17:11:05.626Z	Q011	stathead-browser	Discovery [saves_bad_era] saves with a bad ERA	rows=0
2026-09-25T17:11:09.987Z	Q012	stathead-browser	Discovery [hr_no_doubles] homers but no doubles	rows=0
2026-09-25T17:11:13.632Z	Q013	stathead-browser	Discovery [workhorse_low_k] innings without strikeouts	rows=1
2026-09-25T17:11:17.700Z	Q014	stathead-browser	Discovery [obp_no_power] on base with no power	rows=0
2026-09-25T17:12:37.049Z	H001	stathead-browser	History [hr40_sb40] every 40-homer, 40-steal season	rows=7
2026-09-25T17:12:47.077Z	H002	stathead-browser	History [hr30_sb30] every 30-homer, 30-steal season	rows=81
2026-09-25T17:12:51.778Z	H003	stathead-browser	History [hr40_sb30_age24] 40 HR and 30 SB at 24 or younger	rows=4
2026-09-25T17:12:58.671Z	Q001	stathead-browser	Discovery [hr_low_avg] power with no average	rows=4
2026-09-25T17:13:02.540Z	Q002	stathead-browser	Discovery [avg_no_walks] high average, no walks	rows=10
2026-09-25T17:13:06.633Z	Q003	stathead-browser	Discovery [sb_low_obp] steals without getting on	rows=3
2026-09-25T17:13:10.394Z	Q004	stathead-browser	Discovery [era_low_k] low ERA, low strikeouts	rows=0
2026-09-25T17:13:14.593Z	Q005	stathead-browser	Discovery [rbi_low_ops] RBI on a bad bat	rows=2
2026-09-25T17:13:18.729Z	Q006	stathead-browser	Discovery [hits_few_runs] hits without runs	rows=2
2026-09-25T17:13:22.604Z	Q007	stathead-browser	Discovery [young_power] power at 22 or under	rows=4
2026-09-25T17:13:26.457Z	Q008	stathead-browser	Discovery [old_bat] elite bat at 36 or older	rows=0
2026-09-25T17:13:30.591Z	Q009	stathead-browser	Discovery [old_arm] elite arm at 37 or older	rows=1
2026-09-25T17:13:34.647Z	Q010	stathead-browser	Discovery [k_no_wins] strikeouts, no wins	rows=1
2026-09-25T17:13:38.725Z	Q011	stathead-browser	Discovery [saves_bad_era] saves with a bad ERA	rows=0
2026-09-25T17:13:42.560Z	Q012	stathead-browser	Discovery [hr_no_doubles] homers but no doubles	rows=0
2026-09-25T17:13:46.650Z	Q013	stathead-browser	Discovery [workhorse_low_k] innings without strikeouts	rows=1
2026-09-25T17:13:50.000Z	Q014	stathead-browser	Discovery [obp_no_power] on base with no power	rows=0
2026-09-26T13:18:16.714Z	H001	stathead-browser	History [hr40_sb40] every 40-homer, 40-steal season	rows=7
2026-09-26T13:18:26.668Z	H002	stathead-browser	History [hr30_sb30] every 30-homer, 30-steal season	rows=81
2026-09-26T13:18:31.230Z	H003	stathead-browser	History [hr40_sb30_age24] 40 HR and 30 SB at 24 or younger	rows=4
2026-09-26T13:18:38.126Z	Q001	stathead-browser	Discovery [hr_low_avg] power with no average	rows=4
2026-09-26T13:18:42.163Z	Q002	stathead-browser	Discovery [avg_no_walks] high average, no walks	rows=10
2026-09-26T13:18:46.172Z	Q003	stathead-browser	Discovery [sb_low_obp] steals without getting on	rows=3
2026-09-26T13:18:50.000Z	Q004	stathead-browser	Discovery [era_low_k] low ERA, low strikeouts	rows=0
2026-09-26T13:18:54.247Z	Q005	stathead-browser	Discovery [rbi_low_ops] RBI on a bad bat	rows=2
2026-09-26T13:18:58.174Z	Q006	stathead-browser	Discovery [hits_few_runs] hits without runs	rows=2
2026-09-26T13:19:02.178Z	Q007	stathead-browser	Discovery [young_power] power at 22 or under	rows=4
2026-09-26T13:19:06.004Z	Q008	stathead-browser	Discovery [old_bat] elite bat at 36 or older	rows=0
2026-09-26T13:19:10.265Z	Q009	stathead-browser	Discovery [old_arm] elite arm at 37 or older	rows=1
2026-09-26T13:19:14.153Z	Q010	stathead-browser	Discovery [k_no_wins] strikeouts, no wins	rows=1
2026-09-26T13:19:18.107Z	Q011	stathead-browser	Discovery [saves_bad_era] saves with a bad ERA	rows=0
2026-09-26T13:19:22.154Z	Q012	stathead-browser	Discovery [hr_no_doubles] homers but no doubles	rows=0
2026-09-26T13:19:26.417Z	Q013	stathead-browser	Discovery [workhorse_low_k] innings without strikeouts	rows=1
2026-09-26T13:19:30.275Z	Q014	stathead-browser	Discovery [obp_no_power] on base with no power	rows=0
2026-09-27T16:21:40.414Z	H001	stathead-browser	History [hr40_sb40] every 40-homer, 40-steal season	rows=7
2026-09-27T16:21:51.120Z	H002	stathead-browser	History [hr30_sb30] every 30-homer, 30-steal season	rows=82
2026-09-27T16:21:55.902Z	H003	stathead-browser	History [hr40_sb30_age24] 40 HR and 30 SB at 24 or younger	rows=4
2026-09-27T16:22:02.815Z	Q001	stathead-browser	Discovery [hr_low_avg] power with no average	rows=4
2026-09-27T16:22:06.882Z	Q002	stathead-browser	Discovery [avg_no_walks] high average, no walks	rows=9
2026-09-27T16:22:10.832Z	Q003	stathead-browser	Discovery [sb_low_obp] steals without getting on	rows=2
2026-09-27T16:22:14.647Z	Q004	stathead-browser	Discovery [era_low_k] low ERA, low strikeouts	rows=0
2026-09-27T16:22:18.808Z	Q005	stathead-browser	Discovery [rbi_low_ops] RBI on a bad bat	rows=3
2026-09-27T16:22:22.937Z	Q006	stathead-browser	Discovery [hits_few_runs] hits without runs	rows=2
2026-09-27T16:22:26.680Z	Q007	stathead-browser	Discovery [young_power] power at 22 or under	rows=4
2026-09-27T16:22:30.636Z	Q008	stathead-browser	Discovery [old_bat] elite bat at 36 or older	rows=0
2026-09-27T16:22:34.817Z	Q009	stathead-browser	Discovery [old_arm] elite arm at 37 or older	rows=1
2026-09-27T16:22:38.885Z	Q010	stathead-browser	Discovery [k_no_wins] strikeouts, no wins	rows=1
2026-09-27T16:22:42.800Z	Q011	stathead-browser	Discovery [saves_bad_era] saves with a bad ERA	rows=0
2026-09-27T16:22:46.919Z	Q012	stathead-browser	Discovery [hr_no_doubles] homers but no doubles	rows=0
2026-09-27T16:22:50.849Z	Q013	stathead-browser	Discovery [workhorse_low_k] innings without strikeouts	rows=1
2026-09-27T16:22:55.235Z	Q014	stathead-browser	Discovery [obp_no_power] on base with no power	rows=1
2026-09-28T03:02:43.409Z	V001	stathead-browser	Verify [1920s] 1920 HR leader	rows=200
2026-09-28T03:02:47.908Z	V002	stathead-browser	Verify [1920s] 1923 RBI leader	rows=200
2026-09-28T03:02:51.754Z	V003	stathead-browser	Verify [1920s] 1926 H leader	rows=200
2026-09-28T03:02:55.428Z	V004	stathead-browser	Verify [1920s] 1929 SB leader	rows=200
2026-09-28T03:02:59.510Z	V005	stathead-browser	Verify [1930s] 1930 HR leader	rows=200
2026-09-28T03:03:03.509Z	V006	stathead-browser	Verify [1930s] 1933 RBI leader	rows=200
2026-09-28T03:03:07.551Z	V007	stathead-browser	Verify [1930s] 1936 H leader	rows=200
2026-09-28T03:03:11.518Z	V008	stathead-browser	Verify [1930s] 1939 SB leader	rows=200
2026-09-28T03:03:15.627Z	V009	stathead-browser	Verify [1940s] 1940 HR leader	rows=200
2026-09-28T03:03:19.597Z	V010	stathead-browser	Verify [1940s] 1943 RBI leader	rows=200
2026-09-28T03:03:23.645Z	V011	stathead-browser	Verify [1940s] 1946 H leader	rows=200
2026-09-28T03:03:27.569Z	V012	stathead-browser	Verify [1940s] 1949 SB leader	rows=200
2026-09-28T03:03:32.436Z	V013	stathead-browser	Verify [1950s] 1950 HR leader	rows=200
2026-09-28T03:03:36.078Z	V014	stathead-browser	Verify [1950s] 1953 RBI leader	rows=200
2026-09-28T03:03:39.648Z	V015	stathead-browser	Verify [1950s] 1956 H leader	rows=200
2026-09-28T03:03:43.569Z	V016	stathead-browser	Verify [1950s] 1959 SB leader	rows=200
2026-09-28T03:03:47.542Z	V017	stathead-browser	Verify [1960s] 1960 HR leader	rows=200
2026-09-28T03:03:51.588Z	V018	stathead-browser	Verify [1960s] 1963 RBI leader	rows=200
2026-09-28T03:03:55.525Z	V019	stathead-browser	Verify [1960s] 1966 H leader	rows=200
2026-09-28T03:03:59.648Z	V020	stathead-browser	Verify [1960s] 1969 SB leader	rows=200
2026-09-28T03:04:03.557Z	V021	stathead-browser	Verify [1970s] 1970 HR leader	rows=200
2026-09-28T03:04:07.725Z	V022	stathead-browser	Verify [1970s] 1973 RBI leader	rows=200
2026-09-28T03:04:12.161Z	V023	stathead-browser	Verify [1970s] 1976 H leader	rows=200
2026-09-28T03:04:16.013Z	V024	stathead-browser	Verify [1970s] 1979 SB leader	rows=200
2026-09-28T03:04:19.866Z	V025	stathead-browser	Verify [1980s] 1980 HR leader	rows=200
2026-09-28T03:04:23.685Z	V026	stathead-browser	Verify [1980s] 1983 RBI leader	rows=200
2026-09-28T03:04:28.410Z	V027	stathead-browser	Verify [1980s] 1986 H leader	rows=200
2026-09-28T03:04:32.707Z	V028	stathead-browser	Verify [1980s] 1989 SB leader	rows=200
2026-09-28T03:04:36.360Z	V029	stathead-browser	Verify [1990s] 1990 HR leader	rows=200
2026-09-28T03:04:40.162Z	V030	stathead-browser	Verify [1990s] 1993 RBI leader	rows=200
2026-09-28T03:04:44.085Z	V031	stathead-browser	Verify [1990s] 1996 H leader	rows=200
2026-09-28T03:04:49.267Z	V032	stathead-browser	Verify [1990s] 1999 SB leader	rows=200
2026-09-28T03:04:52.536Z	V033	stathead-browser	Verify [2000s] 2000 HR leader	rows=200
2026-09-28T03:04:56.909Z	V034	stathead-browser	Verify [2000s] 2003 RBI leader	rows=200
2026-09-28T03:05:00.526Z	V035	stathead-browser	Verify [2000s] 2006 H leader	rows=200
2026-09-28T03:05:04.412Z	V036	stathead-browser	Verify [2000s] 2009 SB leader	rows=200
2026-09-28T03:05:08.625Z	V037	stathead-browser	Verify [2010s] 2010 HR leader	rows=200
2026-09-28T03:05:13.222Z	V038	stathead-browser	Verify [2010s] 2013 RBI leader	rows=200
2026-09-28T03:05:16.383Z	V039	stathead-browser	Verify [2010s] 2016 H leader	rows=200
2026-09-28T03:05:20.455Z	V040	stathead-browser	Verify [2010s] 2019 SB leader	rows=200
2026-09-28T03:28:30.032Z	F001	stathead-browser	Verify fact [1920s] #1 workhorse_low_k	rows=1
2026-09-28T03:28:34.032Z	F002	stathead-browser	Verify fact [1920s] #3 five_tool	rows=1
2026-09-28T03:28:37.981Z	F003	stathead-browser	Verify fact [1920s] #8 sb_low_obp	rows=1
2026-09-28T03:28:43.437Z	F004	stathead-browser	Verify fact [1920s] #10 hits_200_bb_100	rows=4
2026-09-28T03:28:46.250Z	F005	stathead-browser	Verify fact [1920s] #14 runs_no_rbi	rows=4
2026-09-28T03:28:50.873Z	F006	stathead-browser	Verify fact [1930s] #1 runs_no_rbi	rows=1
2026-09-28T03:28:54.748Z	F007	stathead-browser	Verify fact [1930s] #3 five_tool	rows=1
2026-09-28T03:28:58.733Z	F008	stathead-browser	Verify fact [1930s] #6 four_hundred	rows=1
2026-09-28T03:29:02.290Z	F009	stathead-browser	Verify fact [1930s] #11 no_walks_winner	rows=2
2026-09-28T03:29:06.278Z	F010	stathead-browser	Verify fact [1930s] #15 slap_hitter	rows=2
2026-09-28T03:29:10.442Z	F011	stathead-browser	Verify fact [1940s] #1 hits_200_bb_100	rows=1
2026-09-28T03:29:14.237Z	F012	stathead-browser	Verify fact [1940s] #5 hits_few_runs	rows=2
2026-09-28T03:29:19.119Z	F013	stathead-browser	Verify fact [1940s] #8 era_under_3_no_wins	rows=1
2026-09-28T03:29:22.145Z	F014	stathead-browser	Verify fact [1940s] #11 four_hundred	rows=1
2026-09-28T03:29:27.048Z	F015	stathead-browser	Verify fact [1940s] #13 bb_and_k	rows=3
2026-09-28T03:29:29.942Z	F016	stathead-browser	Verify fact [1950s] #1 hits_200_bb_100	rows=1
2026-09-28T03:29:34.585Z	F017	stathead-browser	Verify fact [1950s] #3 avg_no_walks	rows=1
2026-09-28T03:29:38.488Z	F018	stathead-browser	Verify fact [1950s] #7 no_walks_winner	rows=1
2026-09-28T03:29:43.023Z	F019	stathead-browser	Verify fact [1950s] #10 slap_hitter	rows=1
2026-09-28T03:29:46.045Z	F020	stathead-browser	Verify fact [1950s] #12 bb_and_k	rows=3
2026-09-28T03:29:50.140Z	F021	stathead-browser	Verify fact [1960s] #1 hits_few_runs	rows=1
2026-09-28T03:29:54.377Z	F022	stathead-browser	Verify fact [1960s] #4 k300_no20	rows=1
2026-09-28T03:29:58.079Z	F023	stathead-browser	Verify fact [1960s] #9 rbi_low_ops	rows=1
2026-09-28T03:30:02.151Z	F024	stathead-browser	Verify fact [1960s] #13 slap_hitter	rows=1
2026-09-28T03:30:06.125Z	F025	stathead-browser	Verify fact [1960s] #18 hr_no_doubles	rows=2
2026-09-28T03:30:10.331Z	F026	stathead-browser	Verify fact [1970s] #1 k_no_wins	rows=1
2026-09-28T03:30:14.348Z	F027	stathead-browser	Verify fact [1970s] #3 doubles_no_hr	rows=1
2026-09-28T03:30:18.363Z	F028	stathead-browser	Verify fact [1970s] #5 bb_and_k	rows=2
2026-09-28T03:30:22.694Z	F029	stathead-browser	Verify fact [1970s] #8 closer_100k	rows=3
2026-09-28T03:30:26.537Z	F030	stathead-browser	Verify fact [1970s] #18 hr_no_doubles	rows=3
2026-09-28T03:30:30.488Z	F031	stathead-browser	Verify fact [1980s] #1 k_no_wins	rows=1
2026-09-28T03:30:34.607Z	F032	stathead-browser	Verify fact [1980s] #6 k300_no20	rows=2
2026-09-28T03:30:38.446Z	F033	stathead-browser	Verify fact [1980s] #10 twenty_losses	rows=1
2026-09-28T03:30:42.405Z	F034	stathead-browser	Verify fact [1980s] #14 doubles_no_hr	rows=2
2026-09-28T03:30:46.479Z	F035	stathead-browser	Verify fact [1980s] #20 avg_no_walks	rows=2
2026-09-28T03:30:50.508Z	F036	stathead-browser	Verify fact [1990s] #1 hits_few_runs	rows=1
2026-09-28T03:30:55.642Z	F037	stathead-browser	Verify fact [1990s] #6 twenty_five_wins	rows=1
2026-09-28T03:30:58.728Z	F038	stathead-browser	Verify fact [1990s] #11 zero_hr_full	rows=3
2026-09-28T03:31:02.692Z	F039	stathead-browser	Verify fact [1990s] #20 doubles_no_hr	rows=3
2026-09-28T03:31:06.722Z	F040	stathead-browser	Verify fact [1990s] #24 sb_low_obp	rows=4
2026-09-28T03:31:10.917Z	F041	stathead-browser	Verify fact [2000s] #1 k300_no20	rows=1
2026-09-28T03:31:14.838Z	F042	stathead-browser	Verify fact [2000s] #4 hits_few_runs	rows=2
2026-09-28T03:31:18.904Z	F043	stathead-browser	Verify fact [2000s] #7 obp_no_power	rows=1
2026-09-28T03:31:23.022Z	F044	stathead-browser	Verify fact [2000s] #10 avg_no_walks	rows=1
2026-09-28T03:31:26.695Z	F045	stathead-browser	Verify fact [2000s] #16 two_thirty_hits	rows=4
2026-09-28T03:31:31.903Z	F046	stathead-browser	Verify fact [2010s] #1 zero_hr_full	rows=1
2026-09-28T03:31:35.022Z	F047	stathead-browser	Verify fact [2010s] #2 bb_and_k	rows=2
2026-09-28T03:31:38.929Z	F048	stathead-browser	Verify fact [2010s] #3 rbi_low_ops	rows=1
2026-09-28T03:31:43.075Z	F049	stathead-browser	Verify fact [2010s] #4 twenty_twenty_low_avg	rows=1
2026-09-28T03:31:47.000Z	F050	stathead-browser	Verify fact [2010s] #6 era_under_3_no_wins	rows=0
2026-09-28T03:35:05.190Z	F001	stathead-browser	Verify fact [1920s] #1 workhorse_low_k	rows=1
2026-09-28T03:35:08.999Z	F002	stathead-browser	Verify fact [1920s] #5 fifty_hr	rows=4
2026-09-28T03:35:12.888Z	F003	stathead-browser	Verify fact [1920s] #11 sb_low_obp	rows=1
2026-09-28T03:35:16.992Z	F004	stathead-browser	Verify fact [1920s] #17 runs_no_rbi	rows=4
2026-09-28T03:35:21.058Z	F005	stathead-browser	Verify fact [1920s] #21 doubles_no_hr	rows=6
2026-09-28T03:35:24.873Z	F006	stathead-browser	Verify fact [1930s] #2 runs_no_rbi	rows=1
2026-09-28T03:35:29.053Z	F007	stathead-browser	Verify fact [1930s] #4 five_tool	rows=1
2026-09-28T03:35:32.980Z	F008	stathead-browser	Verify fact [1930s] #8 four_hundred	rows=1
2026-09-28T03:35:36.941Z	F009	stathead-browser	Verify fact [1930s] #13 no_walks_winner	rows=2
2026-09-28T03:35:41.449Z	F010	stathead-browser	Verify fact [1930s] #16 whip_under_1	rows=3
2026-09-28T03:35:45.023Z	F011	stathead-browser	Verify fact [1940s] #1 hits_few_runs	rows=2
2026-09-28T03:35:50.131Z	F012	stathead-browser	Verify fact [1940s] #6 doubles_no_hr	rows=2
2026-09-28T03:35:53.041Z	F013	stathead-browser	Verify fact [1940s] #10 power_no_avg	rows=1
2026-09-28T03:35:58.541Z	F014	stathead-browser	Verify fact [1940s] #15 bb_and_k	rows=3
2026-09-28T03:36:01.206Z	F015	stathead-browser	Verify fact [1940s] #18 runs_no_rbi	rows=3
2026-09-28T03:36:04.890Z	F016	stathead-browser	Verify fact [1950s] #1 hits_200_bb_100	rows=1
2026-09-28T03:36:08.937Z	F017	stathead-browser	Verify fact [1950s] #4 five_tool	rows=2
2026-09-28T03:36:13.096Z	F018	stathead-browser	Verify fact [1950s] #9 era_under_3_no_wins	rows=1
2026-09-28T03:36:16.999Z	F019	stathead-browser	Verify fact [1950s] #13 slap_hitter	rows=1
2026-09-28T03:36:20.958Z	F020	stathead-browser	Verify fact [1950s] #20 k_no_wins	rows=3
2026-09-28T03:36:25.224Z	F021	stathead-browser	Verify fact [1960s] #1 hits_few_runs	rows=1
2026-09-28T03:36:29.222Z	F022	stathead-browser	Verify fact [1960s] #5 runs_no_rbi	rows=1
2026-09-28T03:36:33.570Z	F023	stathead-browser	Verify fact [1960s] #13 power_no_avg	rows=1
2026-09-28T03:36:37.454Z	F024	stathead-browser	Verify fact [1960s] #17 zero_hr_full	rows=5
2026-09-28T03:36:42.582Z	F025	stathead-browser	Verify fact [1960s] #23 twenty_twenty	rows=3
2026-09-28T03:36:46.082Z	F026	stathead-browser	Verify fact [1970s] #1 bb_and_k	rows=2
2026-09-28T03:36:49.814Z	F027	stathead-browser	Verify fact [1970s] #4 doubles_no_hr	rows=1
2026-09-28T03:36:53.584Z	F028	stathead-browser	Verify fact [1970s] #7 thirty_thirty	rows=5
2026-09-28T03:36:57.334Z	F029	stathead-browser	Verify fact [1970s] #11 closer_100k	rows=3
2026-09-28T03:37:01.470Z	F030	stathead-browser	Verify fact [1970s] #26 hr_no_doubles	rows=3
2026-09-28T03:37:05.536Z	F031	stathead-browser	Verify fact [1980s] #1 hits_200_bb_100	rows=4
2026-09-28T03:37:09.445Z	F032	stathead-browser	Verify fact [1980s] #5 rbi_no_hr	rows=1
2026-09-28T03:37:13.393Z	F033	stathead-browser	Verify fact [1980s] #10 k300_no20	rows=2
2026-09-28T03:37:17.596Z	F034	stathead-browser	Verify fact [1980s] #14 era_under_3_no_wins	rows=1
2026-09-28T03:37:21.305Z	F035	stathead-browser	Verify fact [1980s] #20 twenty_twenty_low_avg	rows=2
2026-09-28T03:37:26.225Z	F036	stathead-browser	Verify fact [1990s] #1 hits_few_runs	rows=1
2026-09-28T03:37:29.533Z	F037	stathead-browser	Verify fact [1990s] #6 twenty_five_wins	rows=1
2026-09-28T03:37:33.652Z	F038	stathead-browser	Verify fact [1990s] #11 rbi_low_ops	rows=3
2026-09-28T03:37:37.680Z	F039	stathead-browser	Verify fact [1990s] #19 relief_wins	rows=2
2026-09-28T03:37:41.443Z	F040	stathead-browser	Verify fact [1990s] #26 hr_no_doubles	rows=3
2026-09-28T03:37:46.054Z	F041	stathead-browser	Verify fact [2000s] #1 hits_200_bb_100	rows=2
2026-09-28T03:37:50.047Z	F042	stathead-browser	Verify fact [2000s] #5 hits_few_runs	rows=2
2026-09-28T03:37:54.422Z	F043	stathead-browser	Verify fact [2000s] #9 hr_no_doubles	rows=1
2026-09-28T03:37:57.670Z	F044	stathead-browser	Verify fact [2000s] #14 power_no_avg	rows=1
2026-09-28T03:38:01.683Z	F045	stathead-browser	Verify fact [2000s] #30 sub_two	rows=2
2026-09-28T03:38:05.790Z	F046	stathead-browser	Verify fact [2010s] #1 zero_hr_full	rows=1
2026-09-28T03:38:10.901Z	F047	stathead-browser	Verify fact [2010s] #3 bb_and_k	rows=2
2026-09-28T03:38:14.232Z	F048	stathead-browser	Verify fact [2010s] #4 rbi_low_ops	rows=1
2026-09-28T03:38:18.268Z	F049	stathead-browser	Verify fact [2010s] #5 twenty_twenty_low_avg	rows=1
2026-09-28T03:38:22.306Z	F050	stathead-browser	Verify fact [2010s] #7 era_under_3_no_wins	rows=0
2026-09-28T03:43:42.186Z	F001	stathead-browser	Verify fact [1920s] #1 workhorse_low_k	rows=1
2026-09-28T03:43:46.518Z	F002	stathead-browser	Verify fact [1920s] #5 fifty_hr	rows=4
2026-09-28T03:43:49.548Z	F003	stathead-browser	Verify fact [1920s] #11 sb_low_obp	rows=1
2026-09-28T03:43:53.656Z	F004	stathead-browser	Verify fact [1920s] #17 runs_no_rbi	rows=4
2026-09-28T03:43:57.857Z	F005	stathead-browser	Verify fact [1920s] #21 doubles_no_hr	rows=6
2026-09-28T03:44:01.856Z	F006	stathead-browser	Verify fact [1930s] #2 runs_no_rbi	rows=1
2026-09-28T03:44:05.947Z	F007	stathead-browser	Verify fact [1930s] #4 five_tool	rows=1
2026-09-28T03:44:09.522Z	F008	stathead-browser	Verify fact [1930s] #8 four_hundred	rows=1
2026-09-28T03:44:14.060Z	F009	stathead-browser	Verify fact [1930s] #13 no_walks_winner	rows=2
2026-09-28T03:44:17.606Z	F010	stathead-browser	Verify fact [1930s] #16 whip_under_1	rows=3
2026-09-28T03:44:22.067Z	F011	stathead-browser	Verify fact [1940s] #1 hits_few_runs	rows=2
2026-09-28T03:44:26.102Z	F012	stathead-browser	Verify fact [1940s] #6 doubles_no_hr	rows=2
2026-09-28T03:44:29.746Z	F013	stathead-browser	Verify fact [1940s] #10 power_no_avg	rows=1
2026-09-28T03:44:33.743Z	F014	stathead-browser	Verify fact [1940s] #15 bb_and_k	rows=3
2026-09-28T03:44:37.723Z	F015	stathead-browser	Verify fact [1940s] #18 runs_no_rbi	rows=3
2026-09-28T03:44:42.302Z	F016	stathead-browser	Verify fact [1950s] #1 hits_200_bb_100	rows=1
2026-09-28T03:44:45.475Z	F017	stathead-browser	Verify fact [1950s] #4 five_tool	rows=2
2026-09-28T03:44:50.263Z	F018	stathead-browser	Verify fact [1950s] #9 era_under_3_no_wins	rows=1
2026-09-28T03:44:53.494Z	F019	stathead-browser	Verify fact [1950s] #13 slap_hitter	rows=1
2026-09-28T03:44:59.175Z	F020	stathead-browser	Verify fact [1950s] #20 k_no_wins	rows=3
2026-09-28T03:45:01.516Z	F021	stathead-browser	Verify fact [1960s] #1 hits_few_runs	rows=1
2026-09-28T03:45:06.262Z	F022	stathead-browser	Verify fact [1960s] #5 runs_no_rbi	rows=1
2026-09-28T03:45:09.698Z	F023	stathead-browser	Verify fact [1960s] #13 power_no_avg	rows=1
2026-09-28T03:45:14.090Z	F024	stathead-browser	Verify fact [1960s] #17 zero_hr_full	rows=5
2026-09-28T03:45:17.994Z	F025	stathead-browser	Verify fact [1960s] #23 twenty_twenty	rows=3
2026-09-28T03:45:21.741Z	F026	stathead-browser	Verify fact [1970s] #1 bb_and_k	rows=2
2026-09-28T03:45:25.894Z	F027	stathead-browser	Verify fact [1970s] #4 doubles_no_hr	rows=1
2026-09-28T03:45:31.407Z	F028	stathead-browser	Verify fact [1970s] #7 thirty_thirty	rows=5
2026-09-28T03:45:34.004Z	F029	stathead-browser	Verify fact [1970s] #11 closer_100k	rows=3
2026-09-28T03:45:38.251Z	F030	stathead-browser	Verify fact [1970s] #26 hr_no_doubles	rows=3
2026-09-28T03:45:42.100Z	F031	stathead-browser	Verify fact [1980s] #1 hits_200_bb_100	rows=4
2026-09-28T03:45:47.036Z	F032	stathead-browser	Verify fact [1980s] #5 rbi_no_hr	rows=1
2026-09-28T03:45:50.286Z	F033	stathead-browser	Verify fact [1980s] #10 k300_no20	rows=2
2026-09-28T03:45:55.838Z	F034	stathead-browser	Verify fact [1980s] #14 era_under_3_no_wins	rows=1
2026-09-28T03:45:58.589Z	F035	stathead-browser	Verify fact [1980s] #20 twenty_twenty_low_avg	rows=2
2026-09-28T03:46:02.837Z	F036	stathead-browser	Verify fact [1990s] #1 hits_few_runs	rows=1
2026-09-28T03:46:06.678Z	F037	stathead-browser	Verify fact [1990s] #6 twenty_five_wins	rows=1
2026-09-28T03:46:10.862Z	F038	stathead-browser	Verify fact [1990s] #11 rbi_low_ops	rows=3
2026-09-28T03:46:14.859Z	F039	stathead-browser	Verify fact [1990s] #19 relief_wins	rows=2
2026-09-28T03:46:18.731Z	F040	stathead-browser	Verify fact [1990s] #26 hr_no_doubles	rows=3
2026-09-28T03:46:23.216Z	F041	stathead-browser	Verify fact [2000s] #1 hits_200_bb_100	rows=2
2026-09-28T03:46:26.861Z	F042	stathead-browser	Verify fact [2000s] #5 hits_few_runs	rows=2
2026-09-28T03:46:31.097Z	F043	stathead-browser	Verify fact [2000s] #9 hr_no_doubles	rows=1
2026-09-28T03:46:34.778Z	F044	stathead-browser	Verify fact [2000s] #14 power_no_avg	rows=1
2026-09-28T03:46:38.969Z	F045	stathead-browser	Verify fact [2000s] #30 sub_two	rows=2
2026-09-28T03:46:42.926Z	F046	stathead-browser	Verify fact [2010s] #1 zero_hr_full	rows=1
2026-09-28T03:46:48.082Z	F047	stathead-browser	Verify fact [2010s] #3 bb_and_k	rows=2
2026-09-28T03:46:51.031Z	F048	stathead-browser	Verify fact [2010s] #4 rbi_low_ops	rows=1
2026-09-28T03:46:55.952Z	F049	stathead-browser	Verify fact [2010s] #5 twenty_twenty_low_avg	rows=1
2026-09-28T03:46:59.074Z	F050	stathead-browser	Verify fact [2010s] #7 era_under_3_no_wins	rows=0
2026-09-28T05:31:37.334Z	SNFL001	stathead-browser	NFL 1980s td_hi	rows=3
2026-09-28T05:31:41.366Z	SNFL002	stathead-browser	NFL 1980s yds_hi	rows=10
2026-09-28T05:31:45.591Z	SNFL003	stathead-browser	NFL 1980s int_hi	rows=4
2026-09-28T05:31:49.504Z	SNFL004	stathead-browser	NFL 1980s td_int	rows=8
2026-09-28T05:31:53.602Z	SNFL005	stathead-browser	NFL 1980s yds_lowtd	rows=2
2026-09-28T05:31:57.586Z	SNFL006	stathead-browser	NFL 1980s cmp_hi	rows=10
2026-09-28T05:32:03.055Z	SNFL007	stathead-browser	NFL 1980s rate_hi	rows=4
2026-09-28T05:32:06.229Z	SNFL008	stathead-browser	NFL 1980s ypa_hi	rows=11
2026-09-28T05:32:11.712Z	SNFL009	stathead-browser	NFL 1980s sacked	rows=6
2026-09-28T05:32:14.441Z	SNFL010	stathead-browser	NFL 1980s qb_rush	rows=2
2026-09-28T05:32:18.296Z	SNFL011	stathead-browser	NFL 1980s qb_rtd	rows=1
2026-09-28T05:32:22.377Z	SNFL012	stathead-browser	NFL 1980s ry_hi	rows=4
2026-09-28T05:32:26.363Z	SNFL013	stathead-browser	NFL 1980s rtd_hi	rows=5
2026-09-28T05:32:30.644Z	SNFL014	stathead-browser	NFL 1980s car_hi	rows=12
2026-09-28T05:32:34.423Z	SNFL015	stathead-browser	NFL 1980s ypc_hi	rows=4
2026-09-28T05:32:38.782Z	SNFL016	stathead-browser	NFL 1980s ry_slow	rows=13
2026-09-28T05:32:42.056Z	SNFL017	stathead-browser	NFL 1980s rb_rec	rows=21
2026-09-28T05:32:49.442Z	SNFL018	stathead-browser	NFL 1980s scrim_hi	rows=4
2026-09-28T05:32:52.262Z	SNFL019	stathead-browser	NFL 1980s alltd_hi	rows=4
2026-09-28T05:32:57.449Z	SNFL020	stathead-browser	NFL 1980s rec_hi	rows=1
2026-09-28T05:33:00.178Z	SNFL021	stathead-browser	NFL 1980s recy_hi	rows=2
2026-09-28T05:33:04.426Z	SNFL022	stathead-browser	NFL 1980s rectd_hi	rows=4
2026-09-28T05:33:08.256Z	SNFL023	stathead-browser	NFL 1980s ypr_hi	rows=9
2026-09-28T05:33:12.234Z	SNFL024	stathead-browser	NFL 1980s rec_short	rows=0
2026-09-28T05:33:16.176Z	SNFL025	stathead-browser	NFL 1980s recy_few	rows=4
2026-09-28T05:33:19.523Z	SNFL026	stathead-browser	NFL 1980s te_1000	rows=10
2026-09-28T05:33:24.405Z	SNFL027	stathead-browser	NFL 1980s dint_hi	rows=19
2026-09-28T05:33:28.150Z	SNFL028	stathead-browser	NFL 1980s int_td	rows=2
2026-09-28T05:33:33.018Z	SNFL029	stathead-browser	NFL 1980s sacks_hi	rows=13
2026-09-28T05:33:36.114Z	SNFL030	stathead-browser	NFL 1980s ff_hi	rows=20
2026-09-28T05:33:40.367Z	SNFL031	stathead-browser	NFL 1980s fumrec_hi	rows=27
2026-09-28T05:33:44.364Z	SNFL032	stathead-browser	NFL 1980s fgm_hi	rows=5
2026-09-28T05:33:48.451Z	SNFL033	stathead-browser	NFL 1980s fg_perfect	rows=0
2026-09-28T05:33:52.431Z	SNFL034	stathead-browser	NFL 1980s pts_hi	rows=1
2026-09-28T05:33:56.626Z	SNFL035	stathead-browser	NFL 1980s kr_td	rows=1
2026-09-28T05:34:00.312Z	SNFL036	stathead-browser	NFL 1980s pr_td	rows=1
2026-09-28T05:34:04.338Z	SNFL037	stathead-browser	NFL 1980s apy_hi	rows=1
2026-09-28T05:34:08.681Z	SNFL038	stathead-browser	NFL 1980s punt_avg	rows=0
2026-09-28T05:34:12.339Z	SNFL039	stathead-browser	NFL 1980s fumbles_hi	rows=17
2026-09-28T05:34:18.687Z	SNFL040	stathead-browser	NFL 1980s x_py	rows=200	CAPPED
2026-09-28T05:34:22.387Z	SNFL041	stathead-browser	NFL 1980s x_ptd	rows=200	CAPPED
2026-09-28T05:34:29.264Z	SNFL042	stathead-browser	NFL 1980s x_int	rows=200	CAPPED
2026-09-28T05:34:33.570Z	SNFL043	stathead-browser	NFL 1980s x_ry	rows=200	CAPPED
2026-09-28T05:34:36.827Z	SNFL044	stathead-browser	NFL 1980s x_rec	rows=200	CAPPED
2026-09-28T05:34:40.802Z	SNFL045	stathead-browser	NFL 1980s x_recy	rows=200	CAPPED
2026-09-28T05:34:44.597Z	SNFL046	stathead-browser	NFL 1980s x_dint	rows=200	CAPPED
2026-09-28T05:34:48.541Z	SNFL047	stathead-browser	NFL 1980s x_sacks	rows=200	CAPPED
2026-09-28T05:34:53.027Z	SNFL048	stathead-browser	NFL 1980s x_pts	rows=200	CAPPED
2026-09-28T05:34:56.938Z	SNFL049	stathead-browser	NFL 1980s x_alltd	rows=200	CAPPED
2026-09-28T05:35:00.690Z	SNFL050	stathead-browser	NFL 1980s x_ypc	rows=200	CAPPED
2026-09-28T05:35:04.797Z	SNFL051	stathead-browser	NFL 1980s x_ypr	rows=200	CAPPED
2026-09-28T05:35:09.300Z	SNFL052	stathead-browser	NFL 1980s x_cmp_low	rows=110
2026-09-28T05:35:13.432Z	SNFL053	stathead-browser	NFL 1980s x_rate	rows=200	CAPPED
2026-09-28T05:35:17.143Z	SNFL054	stathead-browser	NFL 1980s x_apy	rows=200	CAPPED
2026-09-28T05:35:21.138Z	SNFL055	stathead-browser	NFL 1980s x_fgm	rows=200	CAPPED
2026-09-28T05:35:25.400Z	SNFL056	stathead-browser	NFL 1980s x_punt	rows=200	CAPPED
2026-09-28T05:35:27.940Z	SNFL057	stathead-browser	NFL 1980s t_py	rows=0
2026-09-28T05:35:31.474Z	SNFL058	stathead-browser	NFL 1980s t_ptd	rows=0
2026-09-28T05:35:36.515Z	SNFL059	stathead-browser	NFL 1980s t_ry	rows=0
2026-09-28T05:35:39.534Z	SNFL060	stathead-browser	NFL 1980s t_rec	rows=0
2026-09-28T05:35:44.431Z	SNFL061	stathead-browser	NFL 1980s t_recy	rows=0
2026-09-28T05:35:47.636Z	SNFL062	stathead-browser	NFL 1980s t_dint	rows=0
2026-09-28T05:35:52.189Z	SNFL063	stathead-browser	NFL 1980s t_sacks	rows=0
2026-09-28T05:35:55.661Z	SNFL064	stathead-browser	NFL 1980s t_pts	rows=0
2026-09-28T05:35:59.683Z	SNFL065	stathead-browser	NFL 1980s t_alltd	rows=0
2026-09-28T05:36:03.808Z	SNFL066	stathead-browser	NFL 1980s t_fgm	rows=0
2026-09-28T05:36:07.534Z	SNFL067	stathead-browser	NFL 1980s t_int	rows=0
2026-09-28T05:36:13.076Z	SNFL068	stathead-browser	NFL 1980s n_ry	rows=1
2026-09-28T05:36:16.608Z	SNFL069	stathead-browser	NFL 1980s n_recy	rows=4
2026-09-28T05:36:21.912Z	SNFL070	stathead-browser	NFL 1980s n_py	rows=1
2026-09-28T05:36:25.203Z	SNFL071	stathead-browser	NFL 1980s n_py4	rows=1
2026-09-28T05:36:31.227Z	SNFL072	stathead-browser	NFL 1980s n_rec	rows=0
2026-09-28T05:42:10.747Z	SNFL001	stathead-browser	NFL 1920s p:td_hi	rows=1
2026-09-28T05:42:14.894Z	SNFL002	stathead-browser	NFL 1920s p:yds_hi	rows=2
2026-09-28T05:42:18.961Z	SNFL003	stathead-browser	NFL 1920s p:int_hi	rows=4
2026-09-28T05:42:23.077Z	SNFL004	stathead-browser	NFL 1920s p:td_int	rows=0
2026-09-28T05:42:26.951Z	SNFL005	stathead-browser	NFL 1920s p:yds_lowtd	rows=10
2026-09-28T05:42:30.850Z	SNFL006	stathead-browser	NFL 1920s p:ry_hi	rows=0
2026-09-28T05:42:35.118Z	SNFL007	stathead-browser	NFL 1920s p:rtd_hi	rows=3
2026-09-28T05:42:39.040Z	SNFL008	stathead-browser	NFL 1920s p:car_hi	rows=1
2026-09-28T05:42:42.753Z	SNFL009	stathead-browser	NFL 1920s p:ypc_hi	rows=0
2026-09-28T05:42:47.093Z	SNFL010	stathead-browser	NFL 1920s p:scrim_hi	rows=0
2026-09-28T05:42:51.021Z	SNFL011	stathead-browser	NFL 1920s p:alltd_hi	rows=3
2026-09-28T05:42:55.768Z	SNFL012	stathead-browser	NFL 1920s p:rec_hi	rows=0
2026-09-28T05:42:58.826Z	SNFL013	stathead-browser	NFL 1920s p:recy_hi	rows=0
2026-09-28T05:43:02.840Z	SNFL014	stathead-browser	NFL 1920s p:rectd_hi	rows=0
2026-09-28T05:43:06.963Z	SNFL015	stathead-browser	NFL 1920s p:ypr_hi	rows=0
2026-09-28T05:43:10.819Z	SNFL016	stathead-browser	NFL 1920s p:recy_few	rows=0
2026-09-28T05:43:15.127Z	SNFL017	stathead-browser	NFL 1920s p:dint_hi	rows=0
2026-09-28T05:43:18.958Z	SNFL018	stathead-browser	NFL 1920s p:int_td	rows=0
2026-09-28T05:43:22.806Z	SNFL019	stathead-browser	NFL 1920s p:fumrec_hi	rows=0
2026-09-28T05:43:27.175Z	SNFL020	stathead-browser	NFL 1920s p:pts_hi	rows=0
2026-09-28T05:43:30.905Z	SNFL021	stathead-browser	NFL 1920s p:kr_td	rows=0
2026-09-28T05:43:34.917Z	SNFL022	stathead-browser	NFL 1920s p:pr_td	rows=1
2026-09-28T05:43:38.975Z	SNFL023	stathead-browser	NFL 1920s p:punt_avg	rows=0
2026-09-28T05:43:42.777Z	SNFL024	stathead-browser	NFL 1920s p:old_ry	rows=0
2026-09-28T05:43:46.720Z	SNFL025	stathead-browser	NFL 1920s p:yng_ry	rows=0
2026-09-28T05:43:51.506Z	SNFL026	stathead-browser	NFL 1920s p:safety	rows=0
2026-09-28T05:43:55.644Z	SNFL027	stathead-browser	NFL 1920s p:x_py	rows=200	CAPPED
2026-09-28T05:44:00.869Z	SNFL028	stathead-browser	NFL 1920s p:x_ptd	rows=200	CAPPED
2026-09-28T05:44:03.871Z	SNFL029	stathead-browser	NFL 1920s p:x_int	rows=200	CAPPED
2026-09-28T05:44:09.374Z	SNFL030	stathead-browser	NFL 1920s p:x_ry	rows=200	CAPPED
2026-09-28T05:44:11.920Z	SNFL031	stathead-browser	NFL 1920s p:x_rec	rows=200	CAPPED
2026-09-28T05:44:16.195Z	SNFL032	stathead-browser	NFL 1920s p:x_recy	rows=200	CAPPED
2026-09-28T05:44:19.553Z	SNFL033	stathead-browser	NFL 1920s p:x_dint	rows=0
2026-09-28T05:44:24.254Z	SNFL034	stathead-browser	NFL 1920s p:x_pts	rows=200	CAPPED
2026-09-28T05:44:27.812Z	SNFL035	stathead-browser	NFL 1920s p:x_alltd	rows=200	CAPPED
2026-09-28T05:44:31.596Z	SNFL036	stathead-browser	NFL 1920s p:x_ypc	rows=4
2026-09-28T05:44:35.872Z	SNFL037	stathead-browser	NFL 1920s p:x_ypr	rows=0
2026-09-28T05:44:40.143Z	SNFL038	stathead-browser	NFL 1920s p:x_apy	rows=200	CAPPED
2026-09-28T05:44:44.874Z	SNFL039	stathead-browser	NFL 1920s p:x_car	rows=200	CAPPED
2026-09-28T05:44:47.960Z	SNFL040	stathead-browser	NFL 1920s p:x_rtd	rows=200	CAPPED
2026-09-28T05:44:52.917Z	SNFL041	stathead-browser	NFL 1920s p:x_rectd	rows=200	CAPPED
2026-09-28T05:44:56.032Z	SNFL042	stathead-browser	NFL 1920s p:x_scrim	rows=200	CAPPED
2026-09-28T05:44:59.505Z	SNFL043	stathead-browser	NFL 1920s p:x_punt	rows=36
2026-09-28T05:45:08.604Z	SNFL044	stathead-browser	NFL 1920s p:t_py	rows=200	CAPPED
2026-09-28T05:45:12.955Z	SNFL045	stathead-browser	NFL 1920s p:t_ptd	rows=127
2026-09-28T05:45:16.036Z	SNFL046	stathead-browser	NFL 1920s p:t_ry	rows=200	CAPPED
2026-09-28T05:45:20.577Z	SNFL047	stathead-browser	NFL 1920s p:t_rec	rows=200	CAPPED
2026-09-28T05:45:23.740Z	SNFL048	stathead-browser	NFL 1920s p:t_recy	rows=200	CAPPED
2026-09-28T05:45:30.780Z	SNFL049	stathead-browser	NFL 1920s p:t_dint	rows=0
2026-09-28T05:45:33.083Z	SNFL050	stathead-browser	NFL 1920s p:t_pts	rows=200	CAPPED
2026-09-28T05:45:37.594Z	SNFL051	stathead-browser	NFL 1920s p:t_alltd	rows=200	CAPPED
2026-09-28T05:45:41.617Z	SNFL052	stathead-browser	NFL 1920s p:t_int	rows=200	CAPPED
2026-09-28T05:45:46.096Z	SNFL053	stathead-browser	NFL 1920s p:n_ry	rows=0
2026-09-28T05:45:49.052Z	SNFL054	stathead-browser	NFL 1920s p:n_recy	rows=0
2026-09-28T05:45:52.935Z	SNFL055	stathead-browser	NFL 1930s p:td_hi	rows=0
2026-09-28T05:45:56.889Z	SNFL056	stathead-browser	NFL 1930s p:yds_hi	rows=0
2026-09-28T05:46:01.413Z	SNFL057	stathead-browser	NFL 1930s p:int_hi	rows=1
2026-09-28T05:46:05.006Z	SNFL058	stathead-browser	NFL 1930s p:td_int	rows=0
2026-09-28T05:46:09.153Z	SNFL059	stathead-browser	NFL 1930s p:yds_lowtd	rows=12
2026-09-28T05:46:15.292Z	SNFL060	stathead-browser	NFL 1930s p:ry_hi	rows=1
2026-09-28T05:46:17.374Z	SNFL061	stathead-browser	NFL 1930s p:rtd_hi	rows=0
2026-09-28T05:46:22.934Z	SNFL062	stathead-browser	NFL 1930s p:car_hi	rows=2
2026-09-28T05:46:25.380Z	SNFL063	stathead-browser	NFL 1930s p:ypc_hi	rows=0
2026-09-28T05:46:30.824Z	SNFL064	stathead-browser	NFL 1930s p:scrim_hi	rows=0
2026-09-28T05:46:33.679Z	SNFL065	stathead-browser	NFL 1930s p:alltd_hi	rows=1
2026-09-28T05:46:37.326Z	SNFL066	stathead-browser	NFL 1930s p:rec_hi	rows=0
2026-09-28T05:46:41.694Z	SNFL067	stathead-browser	NFL 1930s p:recy_hi	rows=0
2026-09-28T05:46:45.426Z	SNFL068	stathead-browser	NFL 1930s p:rectd_hi	rows=0
2026-09-28T05:46:49.535Z	SNFL069	stathead-browser	NFL 1930s p:ypr_hi	rows=1
2026-09-28T05:46:53.451Z	SNFL070	stathead-browser	NFL 1930s p:recy_few	rows=0
2026-09-28T05:46:57.365Z	SNFL071	stathead-browser	NFL 1930s p:dint_hi	rows=0
2026-09-28T05:47:01.249Z	SNFL072	stathead-browser	NFL 1930s p:int_td	rows=0
2026-09-28T05:47:05.443Z	SNFL073	stathead-browser	NFL 1930s p:fumrec_hi	rows=0
2026-09-28T05:47:09.297Z	SNFL074	stathead-browser	NFL 1930s p:pts_hi	rows=0
2026-09-28T05:47:13.478Z	SNFL075	stathead-browser	NFL 1930s p:kr_td	rows=0
2026-09-28T05:47:17.432Z	SNFL076	stathead-browser	NFL 1930s p:pr_td	rows=0
2026-09-28T05:47:21.426Z	SNFL077	stathead-browser	NFL 1930s p:punt_avg	rows=0
2026-09-28T05:47:25.471Z	SNFL078	stathead-browser	NFL 1930s p:old_ry	rows=0
2026-09-28T05:47:29.323Z	SNFL079	stathead-browser	NFL 1930s p:yng_ry	rows=0
2026-09-28T05:47:33.536Z	SNFL080	stathead-browser	NFL 1930s p:safety	rows=1
2026-09-28T05:47:38.459Z	SNFL081	stathead-browser	NFL 1930s p:x_py	rows=200	CAPPED
2026-09-28T05:47:43.773Z	SNFL082	stathead-browser	NFL 1930s p:x_ptd	rows=200	CAPPED
2026-09-28T05:47:46.667Z	SNFL083	stathead-browser	NFL 1930s p:x_int	rows=200	CAPPED
2026-09-28T05:47:50.440Z	SNFL084	stathead-browser	NFL 1930s p:x_ry	rows=200	CAPPED
2026-09-28T05:47:54.188Z	SNFL085	stathead-browser	NFL 1930s p:x_rec	rows=200	CAPPED
2026-09-28T05:47:58.305Z	SNFL086	stathead-browser	NFL 1930s p:x_recy	rows=200	CAPPED
2026-09-28T05:48:01.796Z	SNFL087	stathead-browser	NFL 1930s p:x_dint	rows=0
2026-09-28T05:48:06.364Z	SNFL088	stathead-browser	NFL 1930s p:x_pts	rows=200	CAPPED
2026-09-28T05:48:10.727Z	SNFL089	stathead-browser	NFL 1930s p:x_alltd	rows=200	CAPPED
2026-09-28T05:48:13.950Z	SNFL090	stathead-browser	NFL 1930s p:x_ypc	rows=8
2026-09-28T05:48:19.244Z	SNFL091	stathead-browser	NFL 1930s p:x_ypr	rows=2
2026-09-28T05:48:22.276Z	SNFL092	stathead-browser	NFL 1930s p:x_apy	rows=200	CAPPED
2026-09-28T05:48:27.190Z	SNFL093	stathead-browser	NFL 1930s p:x_car	rows=200	CAPPED
2026-09-28T05:48:30.520Z	SNFL094	stathead-browser	NFL 1930s p:x_rtd	rows=200	CAPPED
2026-09-28T05:48:34.437Z	SNFL095	stathead-browser	NFL 1930s p:x_rectd	rows=200	CAPPED
2026-09-28T05:48:39.226Z	SNFL096	stathead-browser	NFL 1930s p:x_scrim	rows=200	CAPPED
2026-09-28T05:48:42.577Z	SNFL097	stathead-browser	NFL 1930s p:x_punt	rows=15
2026-09-28T05:48:47.112Z	SNFL098	stathead-browser	NFL 1930s p:t_py	rows=200	CAPPED
2026-09-28T05:48:50.568Z	SNFL099	stathead-browser	NFL 1930s p:t_ptd	rows=157
2026-09-28T05:48:54.196Z	SNFL100	stathead-browser	NFL 1930s p:t_ry	rows=200	CAPPED
2026-09-28T05:48:58.431Z	SNFL101	stathead-browser	NFL 1930s p:t_rec	rows=200	CAPPED
2026-09-28T05:49:05.026Z	SNFL102	stathead-browser	NFL 1930s p:t_recy	rows=200	CAPPED
2026-09-28T05:49:07.083Z	SNFL103	stathead-browser	NFL 1930s p:t_dint	rows=0
2026-09-28T05:49:14.145Z	SNFL104	stathead-browser	NFL 1930s p:t_pts	rows=200	CAPPED
2026-09-28T05:49:16.531Z	SNFL105	stathead-browser	NFL 1930s p:t_alltd	rows=200	CAPPED
2026-09-28T05:49:22.589Z	SNFL106	stathead-browser	NFL 1930s p:t_int	rows=200	CAPPED
2026-09-28T05:49:24.580Z	SNFL107	stathead-browser	NFL 1930s p:n_ry	rows=0
2026-09-28T05:49:28.680Z	SNFL108	stathead-browser	NFL 1930s p:n_recy	rows=0
2026-09-28T05:49:32.822Z	SNFL109	stathead-browser	NFL 1940s p:td_hi	rows=21
2026-09-28T05:49:36.918Z	SNFL110	stathead-browser	NFL 1940s p:yds_hi	rows=25
2026-09-28T05:49:40.840Z	SNFL111	stathead-browser	NFL 1940s p:int_hi	rows=17
2026-09-28T05:49:44.790Z	SNFL112	stathead-browser	NFL 1940s p:td_int	rows=11
2026-09-28T05:49:48.756Z	SNFL113	stathead-browser	NFL 1940s p:yds_lowtd	rows=21
2026-09-28T05:49:52.676Z	SNFL114	stathead-browser	NFL 1940s p:ry_hi	rows=3
2026-09-28T05:49:57.246Z	SNFL115	stathead-browser	NFL 1940s p:rtd_hi	rows=5
2026-09-28T05:50:00.728Z	SNFL116	stathead-browser	NFL 1940s p:car_hi	rows=4
2026-09-28T05:50:05.700Z	SNFL117	stathead-browser	NFL 1940s p:ypc_hi	rows=0
2026-09-28T05:50:09.144Z	SNFL118	stathead-browser	NFL 1940s p:scrim_hi	rows=1
2026-09-28T05:50:14.175Z	SNFL119	stathead-browser	NFL 1940s p:alltd_hi	rows=11
2026-09-28T05:50:16.834Z	SNFL120	stathead-browser	NFL 1940s p:rec_hi	rows=10
2026-09-28T05:50:20.716Z	SNFL121	stathead-browser	NFL 1940s p:recy_hi	rows=8
2026-09-28T05:50:25.057Z	SNFL122	stathead-browser	NFL 1940s p:rectd_hi	rows=3
2026-09-28T05:50:28.949Z	SNFL123	stathead-browser	NFL 1940s p:ypr_hi	rows=4
2026-09-28T05:50:32.920Z	SNFL124	stathead-browser	NFL 1940s p:recy_few	rows=1
2026-09-28T05:50:36.743Z	SNFL125	stathead-browser	NFL 1940s p:dint_hi	rows=9
2026-09-28T05:50:41.746Z	SNFL126	stathead-browser	NFL 1940s p:int_td	rows=0
2026-09-28T05:50:44.803Z	SNFL127	stathead-browser	NFL 1940s p:fumrec_hi	rows=11
2026-09-28T05:50:50.161Z	SNFL128	stathead-browser	NFL 1940s p:pts_hi	rows=11
2026-09-28T05:50:52.713Z	SNFL129	stathead-browser	NFL 1940s p:kr_td	rows=0
2026-09-28T05:50:56.806Z	SNFL130	stathead-browser	NFL 1940s p:pr_td	rows=0
2026-09-28T05:51:00.736Z	SNFL131	stathead-browser	NFL 1940s p:punt_avg	rows=1
2026-09-28T05:51:04.738Z	SNFL132	stathead-browser	NFL 1940s p:old_ry	rows=0
2026-09-28T05:51:08.727Z	SNFL133	stathead-browser	NFL 1940s p:yng_ry	rows=0
2026-09-28T05:51:12.936Z	SNFL134	stathead-browser	NFL 1940s p:safety	rows=1
2026-09-28T05:51:17.634Z	SNFL135	stathead-browser	NFL 1940s p:x_py	rows=200	CAPPED
2026-09-28T05:51:21.527Z	SNFL136	stathead-browser	NFL 1940s p:x_ptd	rows=200	CAPPED
2026-09-28T05:51:25.695Z	SNFL137	stathead-browser	NFL 1940s p:x_int	rows=200	CAPPED
2026-09-28T05:51:29.426Z	SNFL138	stathead-browser	NFL 1940s p:x_ry	rows=200	CAPPED
2026-09-28T05:51:33.330Z	SNFL139	stathead-browser	NFL 1940s p:x_rec	rows=200	CAPPED
2026-09-28T05:51:37.344Z	SNFL140	stathead-browser	NFL 1940s p:x_recy	rows=200	CAPPED
2026-09-28T05:51:41.319Z	SNFL141	stathead-browser	NFL 1940s p:x_dint	rows=200	CAPPED
2026-09-28T05:51:45.483Z	SNFL142	stathead-browser	NFL 1940s p:x_pts	rows=200	CAPPED
2026-09-28T05:51:49.468Z	SNFL143	stathead-browser	NFL 1940s p:x_alltd	rows=200	CAPPED
2026-09-28T05:51:53.147Z	SNFL144	stathead-browser	NFL 1940s p:x_ypc	rows=7
2026-09-28T05:51:57.044Z	SNFL145	stathead-browser	NFL 1940s p:x_ypr	rows=24
2026-09-28T05:52:01.426Z	SNFL146	stathead-browser	NFL 1940s p:x_apy	rows=200	CAPPED
2026-09-28T05:52:05.499Z	SNFL147	stathead-browser	NFL 1940s p:x_car	rows=200	CAPPED
2026-09-28T05:52:09.404Z	SNFL148	stathead-browser	NFL 1940s p:x_rtd	rows=200	CAPPED
2026-09-28T05:52:13.756Z	SNFL149	stathead-browser	NFL 1940s p:x_rectd	rows=200	CAPPED
2026-09-28T05:52:17.458Z	SNFL150	stathead-browser	NFL 1940s p:x_scrim	rows=200	CAPPED
2026-09-28T05:52:21.254Z	SNFL151	stathead-browser	NFL 1940s p:x_punt	rows=49
2026-09-28T05:52:25.645Z	SNFL152	stathead-browser	NFL 1940s p:t_py	rows=200	CAPPED
2026-09-28T05:52:29.500Z	SNFL153	stathead-browser	NFL 1940s p:t_ptd	rows=138
2026-09-28T05:52:33.280Z	SNFL154	stathead-browser	NFL 1940s p:t_ry	rows=200	CAPPED
2026-09-28T05:52:37.729Z	SNFL155	stathead-browser	NFL 1940s p:t_rec	rows=200	CAPPED
2026-09-28T05:52:41.257Z	SNFL156	stathead-browser	NFL 1940s p:t_recy	rows=200	CAPPED
2026-09-28T05:52:45.668Z	SNFL157	stathead-browser	NFL 1940s p:t_dint	rows=200	CAPPED
2026-09-28T05:52:49.334Z	SNFL158	stathead-browser	NFL 1940s p:t_pts	rows=200	CAPPED
2026-09-28T05:52:53.352Z	SNFL159	stathead-browser	NFL 1940s p:t_alltd	rows=200	CAPPED
2026-09-28T05:52:57.745Z	SNFL160	stathead-browser	NFL 1940s p:t_int	rows=197
2026-09-28T05:53:01.157Z	SNFL161	stathead-browser	NFL 1940s p:n_ry	rows=0
2026-09-28T05:53:04.998Z	SNFL162	stathead-browser	NFL 1940s p:n_recy	rows=0
2026-09-28T05:53:09.449Z	SNFL163	stathead-browser	NFL 1950s p:td_hi	rows=2
2026-09-28T05:53:13.147Z	SNFL164	stathead-browser	NFL 1950s p:yds_hi	rows=0
2026-09-28T05:53:17.251Z	SNFL165	stathead-browser	NFL 1950s p:int_hi	rows=1
2026-09-28T05:53:21.371Z	SNFL166	stathead-browser	NFL 1950s p:td_int	rows=3
2026-09-28T05:53:25.436Z	SNFL167	stathead-browser	NFL 1950s p:yds_lowtd	rows=2
2026-09-28T05:53:29.371Z	SNFL168	stathead-browser	NFL 1950s p:cmp_hi	rows=2
2026-09-28T05:53:33.831Z	SNFL169	stathead-browser	NFL 1950s p:rate_hi	rows=0
2026-09-28T05:53:38.245Z	SNFL170	stathead-browser	NFL 1950s p:ypa_hi	rows=7
2026-09-28T05:53:41.488Z	SNFL171	stathead-browser	NFL 1950s p:ry_hi	rows=2
2026-09-28T05:53:45.407Z	SNFL172	stathead-browser	NFL 1950s p:rtd_hi	rows=2
2026-09-28T05:53:49.251Z	SNFL173	stathead-browser	NFL 1950s p:car_hi	rows=3
2026-09-28T05:53:53.284Z	SNFL174	stathead-browser	NFL 1950s p:ypc_hi	rows=4
2026-09-28T05:53:57.291Z	SNFL175	stathead-browser	NFL 1950s p:scrim_hi	rows=0
2026-09-28T05:54:01.275Z	SNFL176	stathead-browser	NFL 1950s p:alltd_hi	rows=2
2026-09-28T05:54:07.031Z	SNFL177	stathead-browser	NFL 1950s p:rec_hi	rows=1
2026-09-28T05:54:09.494Z	SNFL178	stathead-browser	NFL 1950s p:recy_hi	rows=1
2026-09-28T05:54:13.819Z	SNFL179	stathead-browser	NFL 1950s p:rectd_hi	rows=2
2026-09-28T05:54:17.485Z	SNFL180	stathead-browser	NFL 1950s p:ypr_hi	rows=9
2026-09-28T05:54:21.321Z	SNFL181	stathead-browser	NFL 1950s p:recy_few	rows=3
2026-09-28T05:54:25.302Z	SNFL182	stathead-browser	NFL 1950s p:dint_hi	rows=10
2026-09-28T05:54:29.393Z	SNFL183	stathead-browser	NFL 1950s p:int_td	rows=0
2026-09-28T05:54:33.414Z	SNFL184	stathead-browser	NFL 1950s p:fumrec_hi	rows=7
2026-09-28T05:54:37.411Z	SNFL185	stathead-browser	NFL 1950s p:fgm_hi	rows=1
2026-09-28T05:54:41.399Z	SNFL186	stathead-browser	NFL 1950s p:pts_hi	rows=1
2026-09-28T05:54:45.452Z	SNFL187	stathead-browser	NFL 1950s p:kr_td	rows=1
2026-09-28T05:54:50.004Z	SNFL188	stathead-browser	NFL 1950s p:pr_td	rows=2
2026-09-28T05:54:53.519Z	SNFL189	stathead-browser	NFL 1950s p:apy_hi	rows=0
2026-09-28T05:54:57.899Z	SNFL190	stathead-browser	NFL 1950s p:punt_avg	rows=3
2026-09-28T05:55:01.244Z	SNFL191	stathead-browser	NFL 1950s p:old_py	rows=0
2026-09-28T05:55:06.590Z	SNFL192	stathead-browser	NFL 1950s p:old_ry	rows=1
2026-09-28T05:55:09.416Z	SNFL193	stathead-browser	NFL 1950s p:old_rec	rows=0
2026-09-28T05:55:13.168Z	SNFL194	stathead-browser	NFL 1950s p:old_dint	rows=0
2026-09-28T05:55:17.302Z	SNFL195	stathead-browser	NFL 1950s p:yng_ry	rows=3
2026-09-28T05:55:21.276Z	SNFL196	stathead-browser	NFL 1950s p:yng_td	rows=1
2026-09-28T05:55:25.350Z	SNFL197	stathead-browser	NFL 1950s p:yng_recy	rows=2
2026-09-28T05:55:29.584Z	SNFL198	stathead-browser	NFL 1950s p:int_pct	rows=15
2026-09-28T05:55:34.774Z	SNFL199	stathead-browser	NFL 1950s p:td_pct	rows=2
2026-09-28T05:55:37.687Z	SNFL200	stathead-browser	NFL 1950s p:rypg	rows=3
2026-09-28T05:55:44.205Z	SNFL201	stathead-browser	NFL 1950s p:xpm_hi	rows=2
2026-09-28T05:55:46.182Z	SNFL202	stathead-browser	NFL 1950s p:safety	rows=0
2026-09-28T05:55:51.622Z	SNFL203	stathead-browser	NFL 1950s p:pr_avg	rows=5
2026-09-28T05:55:54.580Z	SNFL204	stathead-browser	NFL 1950s p:kr_avg	rows=2
2026-09-28T05:55:58.250Z	SNFL205	stathead-browser	NFL 1950s p:int_yds	rows=8
2026-09-28T05:56:03.566Z	SNFL206	stathead-browser	NFL 1950s p:x_py	rows=200	CAPPED
2026-09-28T05:56:07.095Z	SNFL207	stathead-browser	NFL 1950s p:x_ptd	rows=200	CAPPED
2026-09-28T05:56:11.043Z	SNFL208	stathead-browser	NFL 1950s p:x_int	rows=200	CAPPED
2026-09-28T05:56:14.647Z	SNFL209	stathead-browser	NFL 1950s p:x_ry	rows=200	CAPPED
2026-09-28T05:56:18.928Z	SNFL210	stathead-browser	NFL 1950s p:x_rec	rows=200	CAPPED
2026-09-28T05:56:22.671Z	SNFL211	stathead-browser	NFL 1950s p:x_recy	rows=200	CAPPED
2026-09-28T05:56:26.866Z	SNFL212	stathead-browser	NFL 1950s p:x_dint	rows=200	CAPPED
2026-09-28T05:56:30.926Z	SNFL213	stathead-browser	NFL 1950s p:x_pts	rows=200	CAPPED
2026-09-28T05:56:35.812Z	SNFL214	stathead-browser	NFL 1950s p:x_alltd	rows=200	CAPPED
2026-09-28T05:56:38.644Z	SNFL215	stathead-browser	NFL 1950s p:x_ypc	rows=44
2026-09-28T05:56:42.969Z	SNFL216	stathead-browser	NFL 1950s p:x_ypr	rows=83
2026-09-28T05:56:46.608Z	SNFL217	stathead-browser	NFL 1950s p:x_cmp_low	rows=31
2026-09-28T05:56:50.872Z	SNFL218	stathead-browser	NFL 1950s p:x_rate	rows=48
2026-09-28T05:56:54.771Z	SNFL219	stathead-browser	NFL 1950s p:x_apy	rows=200	CAPPED
2026-09-28T05:56:58.881Z	SNFL220	stathead-browser	NFL 1950s p:x_fgm	rows=159
2026-09-28T05:57:03.175Z	SNFL221	stathead-browser	NFL 1950s p:x_car	rows=200	CAPPED
2026-09-28T05:57:07.014Z	SNFL222	stathead-browser	NFL 1950s p:x_rtd	rows=200	CAPPED
2026-09-28T05:57:11.925Z	SNFL223	stathead-browser	NFL 1950s p:x_rectd	rows=200	CAPPED
2026-09-28T05:57:15.116Z	SNFL224	stathead-browser	NFL 1950s p:x_scrim	rows=200	CAPPED
2026-09-28T05:57:18.729Z	SNFL225	stathead-browser	NFL 1950s p:x_punt	rows=105
2026-09-28T05:57:23.035Z	SNFL226	stathead-browser	NFL 1950s p:t_py	rows=150
2026-09-28T05:57:26.816Z	SNFL227	stathead-browser	NFL 1950s p:t_ptd	rows=102
2026-09-28T05:57:30.848Z	SNFL228	stathead-browser	NFL 1950s p:t_ry	rows=200	CAPPED
2026-09-28T05:57:34.734Z	SNFL229	stathead-browser	NFL 1950s p:t_rec	rows=200	CAPPED
2026-09-28T05:57:38.675Z	SNFL230	stathead-browser	NFL 1950s p:t_recy	rows=200	CAPPED
2026-09-28T05:57:42.600Z	SNFL231	stathead-browser	NFL 1950s p:t_dint	rows=200	CAPPED
2026-09-28T05:57:47.194Z	SNFL232	stathead-browser	NFL 1950s p:t_pts	rows=200	CAPPED
2026-09-28T05:57:50.862Z	SNFL233	stathead-browser	NFL 1950s p:t_alltd	rows=200	CAPPED
2026-09-28T05:57:55.557Z	SNFL234	stathead-browser	NFL 1950s p:t_fgm	rows=61
2026-09-28T05:57:59.074Z	SNFL235	stathead-browser	NFL 1950s p:t_int	rows=133
2026-09-28T05:58:02.524Z	SNFL236	stathead-browser	NFL 1950s p:n_ry	rows=0
2026-09-28T05:58:06.510Z	SNFL237	stathead-browser	NFL 1950s p:n_recy	rows=1
2026-09-28T05:58:11.046Z	SNFL238	stathead-browser	NFL 1960s p:td_hi	rows=10
2026-09-28T05:58:15.086Z	SNFL239	stathead-browser	NFL 1960s p:yds_hi	rows=3
2026-09-28T05:58:19.401Z	SNFL240	stathead-browser	NFL 1960s p:int_hi	rows=6
2026-09-28T05:58:23.297Z	SNFL241	stathead-browser	NFL 1960s p:td_int	rows=6
2026-09-28T05:58:27.079Z	SNFL242	stathead-browser	NFL 1960s p:yds_lowtd	rows=3
2026-09-28T05:58:31.389Z	SNFL243	stathead-browser	NFL 1960s p:cmp_hi	rows=3
2026-09-28T05:58:35.270Z	SNFL244	stathead-browser	NFL 1960s p:rate_hi	rows=4
2026-09-28T05:58:39.231Z	SNFL245	stathead-browser	NFL 1960s p:ypa_hi	rows=26
2026-09-28T05:58:42.577Z	SNFL246	stathead-browser	NFL 1960s p:qb_rush	rows=0
2026-09-28T05:58:47.221Z	SNFL247	stathead-browser	NFL 1960s p:qb_rtd	rows=3
2026-09-28T05:58:51.021Z	SNFL248	stathead-browser	NFL 1960s p:ry_hi	rows=2
2026-09-28T05:58:54.910Z	SNFL249	stathead-browser	NFL 1960s p:rtd_hi	rows=4
2026-09-28T05:58:59.107Z	SNFL250	stathead-browser	NFL 1960s p:car_hi	rows=1
2026-09-28T05:59:03.222Z	SNFL251	stathead-browser	NFL 1960s p:ypc_hi	rows=6
2026-09-28T05:59:06.854Z	SNFL252	stathead-browser	NFL 1960s p:ry_slow	rows=0
2026-09-28T05:59:10.688Z	SNFL253	stathead-browser	NFL 1960s p:rb_rec	rows=10
2026-09-28T05:59:14.983Z	SNFL254	stathead-browser	NFL 1960s p:scrim_hi	rows=1
2026-09-28T05:59:19.196Z	SNFL255	stathead-browser	NFL 1960s p:alltd_hi	rows=8
2026-09-28T05:59:23.172Z	SNFL256	stathead-browser	NFL 1960s p:rec_hi	rows=7
2026-09-28T05:59:26.940Z	SNFL257	stathead-browser	NFL 1960s p:recy_hi	rows=6
2026-09-28T05:59:31.017Z	SNFL258	stathead-browser	NFL 1960s p:rectd_hi	rows=3
2026-09-28T05:59:34.946Z	SNFL259	stathead-browser	NFL 1960s p:ypr_hi	rows=16
2026-09-28T05:59:39.056Z	SNFL260	stathead-browser	NFL 1960s p:recy_few	rows=9
2026-09-28T05:59:42.795Z	SNFL261	stathead-browser	NFL 1960s p:te_1000	rows=3
2026-09-28T05:59:46.938Z	SNFL262	stathead-browser	NFL 1960s p:dint_hi	rows=22
2026-09-28T05:59:51.067Z	SNFL263	stathead-browser	NFL 1960s p:int_td	rows=5
2026-09-28T05:59:55.130Z	SNFL264	stathead-browser	NFL 1960s p:fumrec_hi	rows=15
2026-09-28T05:59:59.154Z	SNFL265	stathead-browser	NFL 1960s p:fgm_hi	rows=5
2026-09-28T06:00:03.053Z	SNFL266	stathead-browser	NFL 1960s p:fg_perfect	rows=0
2026-09-28T06:00:07.322Z	SNFL267	stathead-browser	NFL 1960s p:pts_hi	rows=5
2026-09-28T06:00:11.093Z	SNFL268	stathead-browser	NFL 1960s p:kr_td	rows=3
2026-09-28T06:00:15.376Z	SNFL269	stathead-browser	NFL 1960s p:pr_td	rows=0
2026-09-28T06:00:19.053Z	SNFL270	stathead-browser	NFL 1960s p:apy_hi	rows=3
2026-09-28T06:00:23.110Z	SNFL271	stathead-browser	NFL 1960s p:punt_avg	rows=6
2026-09-28T06:00:27.052Z	SNFL272	stathead-browser	NFL 1960s p:fumbles_hi	rows=6
2026-09-28T06:00:30.943Z	SNFL273	stathead-browser	NFL 1960s p:old_py	rows=6
2026-09-28T06:00:35.714Z	SNFL274	stathead-browser	NFL 1960s p:old_ry	rows=2
2026-09-28T06:00:38.822Z	SNFL275	stathead-browser	NFL 1960s p:old_rec	rows=2
2026-09-28T06:00:43.136Z	SNFL276	stathead-browser	NFL 1960s p:old_dint	rows=1
2026-09-28T06:00:46.733Z	SNFL277	stathead-browser	NFL 1960s p:yng_ry	rows=0
2026-09-28T06:00:51.228Z	SNFL278	stathead-browser	NFL 1960s p:yng_td	rows=3
2026-09-28T06:00:55.317Z	SNFL279	stathead-browser	NFL 1960s p:yng_recy	rows=1
2026-09-28T06:00:59.104Z	SNFL280	stathead-browser	NFL 1960s p:games_ry	rows=3
2026-09-28T06:01:03.530Z	SNFL281	stathead-browser	NFL 1960s p:games_td	rows=0
2026-09-28T06:01:07.480Z	SNFL282	stathead-browser	NFL 1960s p:qb_w	rows=8
2026-09-28T06:01:13.169Z	SNFL283	stathead-browser	NFL 1960s p:comebacks	rows=2
2026-09-28T06:01:16.002Z	SNFL284	stathead-browser	NFL 1960s p:int_pct	rows=24
2026-09-28T06:01:20.694Z	SNFL285	stathead-browser	NFL 1960s p:td_pct	rows=13
2026-09-28T06:01:23.465Z	SNFL286	stathead-browser	NFL 1960s p:rypg	rows=2
2026-09-28T06:01:28.391Z	SNFL287	stathead-browser	NFL 1960s p:recypg	rows=10
2026-09-28T06:01:31.534Z	SNFL288	stathead-browser	NFL 1960s p:xpm_hi	rows=1
2026-09-28T06:01:35.781Z	SNFL289	stathead-browser	NFL 1960s p:safety	rows=2
2026-09-28T06:01:39.631Z	SNFL290	stathead-browser	NFL 1960s p:pr_avg	rows=3
2026-09-28T06:01:43.675Z	SNFL291	stathead-browser	NFL 1960s p:kr_avg	rows=10
2026-09-28T06:01:47.621Z	SNFL292	stathead-browser	NFL 1960s p:int_yds	rows=11
2026-09-28T06:01:52.736Z	SNFL293	stathead-browser	NFL 1960s p:x_py	rows=200	CAPPED
2026-09-28T06:01:56.653Z	SNFL294	stathead-browser	NFL 1960s p:x_ptd	rows=200	CAPPED
2026-09-28T06:02:00.446Z	SNFL295	stathead-browser	NFL 1960s p:x_int	rows=200	CAPPED
2026-09-28T06:02:04.256Z	SNFL296	stathead-browser	NFL 1960s p:x_ry	rows=200	CAPPED
2026-09-28T06:02:08.152Z	SNFL297	stathead-browser	NFL 1960s p:x_rec	rows=200	CAPPED
2026-09-28T06:02:12.091Z	SNFL298	stathead-browser	NFL 1960s p:x_recy	rows=200	CAPPED
2026-09-28T06:02:16.068Z	SNFL299	stathead-browser	NFL 1960s p:x_dint	rows=200	CAPPED
2026-09-28T06:02:20.210Z	SNFL300	stathead-browser	NFL 1960s p:x_pts	rows=200	CAPPED
2026-09-28T06:02:24.433Z	SNFL301	stathead-browser	NFL 1960s p:x_alltd	rows=200	CAPPED
2026-09-28T06:02:28.093Z	SNFL302	stathead-browser	NFL 1960s p:x_ypc	rows=171
2026-09-28T06:02:32.439Z	SNFL303	stathead-browser	NFL 1960s p:x_ypr	rows=200	CAPPED
2026-09-28T06:02:36.171Z	SNFL304	stathead-browser	NFL 1960s p:x_cmp_low	rows=81
2026-09-28T06:02:40.786Z	SNFL305	stathead-browser	NFL 1960s p:x_rate	rows=174
2026-09-28T06:02:44.367Z	SNFL306	stathead-browser	NFL 1960s p:x_apy	rows=200	CAPPED
2026-09-28T06:02:48.155Z	SNFL307	stathead-browser	NFL 1960s p:x_fgm	rows=200	CAPPED
2026-09-28T06:02:52.159Z	SNFL308	stathead-browser	NFL 1960s p:x_car	rows=200	CAPPED
2026-09-28T06:02:56.234Z	SNFL309	stathead-browser	NFL 1960s p:x_rtd	rows=200	CAPPED
2026-09-28T06:03:00.262Z	SNFL310	stathead-browser	NFL 1960s p:x_rectd	rows=200	CAPPED
2026-09-28T06:03:04.192Z	SNFL311	stathead-browser	NFL 1960s p:x_scrim	rows=200	CAPPED
2026-09-28T06:03:08.890Z	SNFL312	stathead-browser	NFL 1960s p:x_punt	rows=200	CAPPED
2026-09-28T06:03:12.383Z	SNFL313	stathead-browser	NFL 1960s p:t_py	rows=200	CAPPED
2026-09-28T06:03:17.543Z	SNFL314	stathead-browser	NFL 1960s p:t_ptd	rows=191
2026-09-28T06:03:20.053Z	SNFL315	stathead-browser	NFL 1960s p:t_ry	rows=200	CAPPED
2026-09-28T06:03:24.436Z	SNFL316	stathead-browser	NFL 1960s p:t_rec	rows=200	CAPPED
2026-09-28T06:03:28.118Z	SNFL317	stathead-browser	NFL 1960s p:t_recy	rows=200	CAPPED
2026-09-28T06:03:32.005Z	SNFL318	stathead-browser	NFL 1960s p:t_dint	rows=200	CAPPED
2026-09-28T06:03:36.292Z	SNFL319	stathead-browser	NFL 1960s p:t_pts	rows=200	CAPPED
2026-09-28T06:03:40.200Z	SNFL320	stathead-browser	NFL 1960s p:t_alltd	rows=200	CAPPED
2026-09-28T06:03:44.011Z	SNFL321	stathead-browser	NFL 1960s p:t_fgm	rows=97
2026-09-28T06:03:48.738Z	SNFL322	stathead-browser	NFL 1960s p:t_int	rows=200	CAPPED
2026-09-28T06:03:52.606Z	SNFL323	stathead-browser	NFL 1960s p:n_ry	rows=1
2026-09-28T06:03:56.210Z	SNFL324	stathead-browser	NFL 1960s p:n_recy	rows=6
2026-09-28T06:04:01.075Z	SNFL325	stathead-browser	NFL 1960s p:n_py	rows=1
2026-09-28T06:04:04.427Z	SNFL326	stathead-browser	NFL 1970s p:td_hi	rows=0
2026-09-28T06:04:08.546Z	SNFL327	stathead-browser	NFL 1970s p:yds_hi	rows=8
2026-09-28T06:04:12.465Z	SNFL328	stathead-browser	NFL 1970s p:int_hi	rows=2
2026-09-28T06:04:17.459Z	SNFL329	stathead-browser	NFL 1970s p:td_int	rows=3
2026-09-28T06:04:20.896Z	SNFL330	stathead-browser	NFL 1970s p:yds_lowtd	rows=7
2026-09-28T06:04:24.544Z	SNFL331	stathead-browser	NFL 1970s p:cmp_hi	rows=6
2026-09-28T06:04:29.062Z	SNFL332	stathead-browser	NFL 1970s p:rate_hi	rows=2
2026-09-28T06:04:32.597Z	SNFL333	stathead-browser	NFL 1970s p:ypa_hi	rows=8
2026-09-28T06:04:35.826Z	SNFL334	stathead-browser	NFL 1970s p:qb_rush	rows=1
2026-09-28T06:04:39.699Z	SNFL335	stathead-browser	NFL 1970s p:qb_rtd	rows=3
2026-09-28T06:04:44.771Z	SNFL336	stathead-browser	NFL 1970s p:ry_hi	rows=8
2026-09-28T06:04:48.297Z	SNFL337	stathead-browser	NFL 1970s p:rtd_hi	rows=3
2026-09-28T06:04:52.751Z	SNFL338	stathead-browser	NFL 1970s p:car_hi	rows=14
2026-09-28T06:04:56.708Z	SNFL339	stathead-browser	NFL 1970s p:ypc_hi	rows=5
2026-09-28T06:05:00.380Z	SNFL340	stathead-browser	NFL 1970s p:ry_slow	rows=5
2026-09-28T06:05:03.862Z	SNFL341	stathead-browser	NFL 1970s p:rb_rec	rows=19
2026-09-28T06:05:08.223Z	SNFL342	stathead-browser	NFL 1970s p:scrim_hi	rows=4
2026-09-28T06:05:12.478Z	SNFL343	stathead-browser	NFL 1970s p:alltd_hi	rows=3
2026-09-28T06:05:16.330Z	SNFL344	stathead-browser	NFL 1970s p:rec_hi	rows=3
2026-09-28T06:05:20.402Z	SNFL345	stathead-browser	NFL 1970s p:recy_hi	rows=0
2026-09-28T06:05:24.423Z	SNFL346	stathead-browser	NFL 1970s p:rectd_hi	rows=0
2026-09-28T06:05:28.817Z	SNFL347	stathead-browser	NFL 1970s p:ypr_hi	rows=16
2026-09-28T06:05:32.390Z	SNFL348	stathead-browser	NFL 1970s p:recy_few	rows=8
2026-09-28T06:05:35.852Z	SNFL349	stathead-browser	NFL 1970s p:te_1000	rows=0
2026-09-28T06:05:40.348Z	SNFL350	stathead-browser	NFL 1970s p:dint_hi	rows=9
2026-09-28T06:05:44.193Z	SNFL351	stathead-browser	NFL 1970s p:int_td	rows=4
2026-09-28T06:05:48.472Z	SNFL352	stathead-browser	NFL 1970s p:fumrec_hi	rows=20
2026-09-28T06:05:52.350Z	SNFL353	stathead-browser	NFL 1970s p:fgm_hi	rows=10
2026-09-28T06:05:56.403Z	SNFL354	stathead-browser	NFL 1970s p:fg_perfect	rows=0
2026-09-28T06:06:00.404Z	SNFL355	stathead-browser	NFL 1970s p:pts_hi	rows=0
2026-09-28T06:06:04.435Z	SNFL356	stathead-browser	NFL 1970s p:kr_td	rows=2
2026-09-28T06:06:08.488Z	SNFL357	stathead-browser	NFL 1970s p:pr_td	rows=2
2026-09-28T06:06:12.398Z	SNFL358	stathead-browser	NFL 1970s p:apy_hi	rows=2
2026-09-28T06:06:16.355Z	SNFL359	stathead-browser	NFL 1970s p:punt_avg	rows=1
2026-09-28T06:06:20.294Z	SNFL360	stathead-browser	NFL 1970s p:fumbles_hi	rows=6
2026-09-28T06:06:23.972Z	SNFL361	stathead-browser	NFL 1970s p:old_py	rows=7
2026-09-28T06:06:27.996Z	SNFL362	stathead-browser	NFL 1970s p:old_ry	rows=0
2026-09-28T06:06:32.052Z	SNFL363	stathead-browser	NFL 1970s p:old_rec	rows=2
2026-09-28T06:06:35.933Z	SNFL364	stathead-browser	NFL 1970s p:old_dint	rows=5
2026-09-28T06:06:40.791Z	SNFL365	stathead-browser	NFL 1970s p:yng_ry	rows=1
2026-09-28T06:06:44.054Z	SNFL366	stathead-browser	NFL 1970s p:yng_td	rows=0
2026-09-28T06:06:49.248Z	SNFL367	stathead-browser	NFL 1970s p:yng_recy	rows=1
2026-09-28T06:06:52.556Z	SNFL368	stathead-browser	NFL 1970s p:games_ry	rows=4
2026-09-28T06:06:56.906Z	SNFL369	stathead-browser	NFL 1970s p:games_td	rows=0
2026-09-28T06:07:02.405Z	SNFL370	stathead-browser	NFL 1970s p:qb_w	rows=11
2026-09-28T06:07:05.646Z	SNFL371	stathead-browser	NFL 1970s p:comebacks	rows=3
2026-09-28T06:07:09.448Z	SNFL372	stathead-browser	NFL 1970s p:int_pct	rows=13
2026-09-28T06:07:13.239Z	SNFL373	stathead-browser	NFL 1970s p:td_pct	rows=4
2026-09-28T06:07:16.927Z	SNFL374	stathead-browser	NFL 1970s p:rypg	rows=3
2026-09-28T06:07:21.017Z	SNFL375	stathead-browser	NFL 1970s p:recypg	rows=0
2026-09-28T06:07:25.014Z	SNFL376	stathead-browser	NFL 1970s p:xpm_hi	rows=0
2026-09-28T06:07:29.087Z	SNFL377	stathead-browser	NFL 1970s p:safety	rows=4
2026-09-28T06:07:34.099Z	SNFL378	stathead-browser	NFL 1970s p:pr_avg	rows=4
2026-09-28T06:07:36.934Z	SNFL379	stathead-browser	NFL 1970s p:kr_avg	rows=5
2026-09-28T06:07:41.328Z	SNFL380	stathead-browser	NFL 1970s p:int_yds	rows=9
2026-09-28T06:07:46.058Z	SNFL381	stathead-browser	NFL 1970s p:x_py	rows=200	CAPPED
2026-09-28T06:07:50.522Z	SNFL382	stathead-browser	NFL 1970s p:x_ptd	rows=200	CAPPED
2026-09-28T06:07:54.041Z	SNFL383	stathead-browser	NFL 1970s p:x_int	rows=200	CAPPED
2026-09-28T06:07:57.403Z	SNFL384	stathead-browser	NFL 1970s p:x_ry	rows=200	CAPPED
2026-09-28T06:08:01.477Z	SNFL385	stathead-browser	NFL 1970s p:x_rec	rows=200	CAPPED
2026-09-28T06:08:05.620Z	SNFL386	stathead-browser	NFL 1970s p:x_recy	rows=200	CAPPED
2026-09-28T06:08:09.745Z	SNFL387	stathead-browser	NFL 1970s p:x_dint	rows=200	CAPPED
2026-09-28T06:08:13.446Z	SNFL388	stathead-browser	NFL 1970s p:x_pts	rows=200	CAPPED
2026-09-28T06:08:18.001Z	SNFL389	stathead-browser	NFL 1970s p:x_alltd	rows=200	CAPPED
2026-09-28T06:08:21.525Z	SNFL390	stathead-browser	NFL 1970s p:x_ypc	rows=200	CAPPED
2026-09-28T06:08:25.559Z	SNFL391	stathead-browser	NFL 1970s p:x_ypr	rows=200	CAPPED
2026-09-28T06:08:29.615Z	SNFL392	stathead-browser	NFL 1970s p:x_cmp_low	rows=65
2026-09-28T06:08:34.706Z	SNFL393	stathead-browser	NFL 1970s p:x_rate	rows=185
2026-09-28T06:08:38.881Z	SNFL394	stathead-browser	NFL 1970s p:x_apy	rows=200	CAPPED
2026-09-28T06:08:42.014Z	SNFL395	stathead-browser	NFL 1970s p:x_fgm	rows=200	CAPPED
2026-09-28T06:08:45.986Z	SNFL396	stathead-browser	NFL 1970s p:x_car	rows=200	CAPPED
2026-09-28T06:08:49.748Z	SNFL397	stathead-browser	NFL 1970s p:x_rtd	rows=200	CAPPED
2026-09-28T06:08:53.964Z	SNFL398	stathead-browser	NFL 1970s p:x_rectd	rows=200	CAPPED
2026-09-28T06:08:57.778Z	SNFL399	stathead-browser	NFL 1970s p:x_scrim	rows=200	CAPPED
2026-09-28T06:09:01.990Z	SNFL400	stathead-browser	NFL 1970s p:x_punt	rows=200	CAPPED
2026-09-28T06:09:06.154Z	SNFL401	stathead-browser	NFL 1970s p:t_py	rows=200	CAPPED
2026-09-28T06:09:10.075Z	SNFL402	stathead-browser	NFL 1970s p:t_ptd	rows=175
2026-09-28T06:09:13.878Z	SNFL403	stathead-browser	NFL 1970s p:t_ry	rows=200	CAPPED
2026-09-28T06:09:17.665Z	SNFL404	stathead-browser	NFL 1970s p:t_rec	rows=200	CAPPED
2026-09-28T06:09:21.792Z	SNFL405	stathead-browser	NFL 1970s p:t_recy	rows=200	CAPPED
2026-09-28T06:09:25.452Z	SNFL406	stathead-browser	NFL 1970s p:t_dint	rows=200	CAPPED
2026-09-28T06:09:29.645Z	SNFL407	stathead-browser	NFL 1970s p:t_pts	rows=200	CAPPED
2026-09-28T06:09:33.554Z	SNFL408	stathead-browser	NFL 1970s p:t_alltd	rows=200	CAPPED
2026-09-28T06:09:37.486Z	SNFL409	stathead-browser	NFL 1970s p:t_fgm	rows=83
2026-09-28T06:09:42.198Z	SNFL410	stathead-browser	NFL 1970s p:t_int	rows=197
2026-09-28T06:09:45.625Z	SNFL411	stathead-browser	NFL 1970s p:n_ry	rows=4
2026-09-28T06:09:49.611Z	SNFL412	stathead-browser	NFL 1970s p:n_recy	rows=1
2026-09-28T06:09:54.076Z	SNFL413	stathead-browser	NFL 1970s p:n_py	rows=3
2026-09-28T06:09:58.369Z	SNFL414	stathead-browser	NFL 1980s p:td_hi	rows=3
2026-09-28T06:10:00.486Z	SNFL415	stathead-browser	NFL 1980s p:yds_hi	rows=10
2026-09-28T06:10:05.289Z	SNFL416	stathead-browser	NFL 1980s p:int_hi	rows=4
2026-09-28T06:10:10.275Z	SNFL417	stathead-browser	NFL 1980s p:td_int	rows=8
2026-09-28T06:10:15.947Z	SNFL418	stathead-browser	NFL 1980s p:yds_lowtd	rows=2
2026-09-28T06:10:19.083Z	SNFL419	stathead-browser	NFL 1980s p:cmp_hi	rows=10
2026-09-28T06:10:24.033Z	SNFL420	stathead-browser	NFL 1980s p:rate_hi	rows=4
2026-09-28T06:10:27.690Z	SNFL421	stathead-browser	NFL 1980s p:ypa_hi	rows=11
2026-09-28T06:10:31.123Z	SNFL422	stathead-browser	NFL 1980s p:sacked	rows=6
2026-09-28T06:10:34.406Z	SNFL423	stathead-browser	NFL 1980s p:qb_rush	rows=2
2026-09-28T06:10:39.111Z	SNFL424	stathead-browser	NFL 1980s p:qb_rtd	rows=1
2026-09-28T06:10:44.099Z	SNFL425	stathead-browser	NFL 1980s p:ry_hi	rows=4
2026-09-28T06:10:47.914Z	SNFL426	stathead-browser	NFL 1980s p:rtd_hi	rows=5
2026-09-28T06:10:50.878Z	SNFL427	stathead-browser	NFL 1980s p:car_hi	rows=12
2026-09-28T06:10:54.750Z	SNFL428	stathead-browser	NFL 1980s p:ypc_hi	rows=4
2026-09-28T06:10:59.250Z	SNFL429	stathead-browser	NFL 1980s p:ry_slow	rows=13
2026-09-28T06:11:02.307Z	SNFL430	stathead-browser	NFL 1980s p:rb_rec	rows=21
2026-09-28T06:11:07.626Z	SNFL431	stathead-browser	NFL 1980s p:scrim_hi	rows=4
2026-09-28T06:11:10.810Z	SNFL432	stathead-browser	NFL 1980s p:alltd_hi	rows=4
2026-09-28T06:11:16.479Z	SNFL433	stathead-browser	NFL 1980s p:rec_hi	rows=1
2026-09-28T06:11:19.342Z	SNFL434	stathead-browser	NFL 1980s p:recy_hi	rows=2
2026-09-28T06:11:21.915Z	SNFL435	stathead-browser	NFL 1980s p:rectd_hi	rows=4
2026-09-28T06:11:27.519Z	SNFL436	stathead-browser	NFL 1980s p:ypr_hi	rows=9
2026-09-28T06:11:31.935Z	SNFL437	stathead-browser	NFL 1980s p:rec_short	rows=0
2026-09-28T06:11:35.384Z	SNFL438	stathead-browser	NFL 1980s p:recy_few	rows=4
2026-09-28T06:11:38.557Z	SNFL439	stathead-browser	NFL 1980s p:te_1000	rows=10
2026-09-28T06:11:43.279Z	SNFL440	stathead-browser	NFL 1980s p:dint_hi	rows=19
2026-09-28T06:11:47.159Z	SNFL441	stathead-browser	NFL 1980s p:int_td	rows=2
2026-09-28T06:11:51.238Z	SNFL442	stathead-browser	NFL 1980s p:sacks_hi	rows=13
2026-09-28T06:11:53.854Z	SNFL443	stathead-browser	NFL 1980s p:fumrec_hi	rows=27
2026-09-28T06:11:59.814Z	SNFL444	stathead-browser	NFL 1980s p:fgm_hi	rows=5
2026-09-28T06:12:03.287Z	SNFL445	stathead-browser	NFL 1980s p:fg_perfect	rows=0
2026-09-28T06:12:07.409Z	SNFL446	stathead-browser	NFL 1980s p:pts_hi	rows=1
2026-09-28T06:12:11.294Z	SNFL447	stathead-browser	NFL 1980s p:kr_td	rows=1
2026-09-28T06:12:15.123Z	SNFL448	stathead-browser	NFL 1980s p:pr_td	rows=1
2026-09-28T06:12:19.336Z	SNFL449	stathead-browser	NFL 1980s p:apy_hi	rows=1
2026-09-28T06:12:23.164Z	SNFL450	stathead-browser	NFL 1980s p:punt_avg	rows=0
2026-09-28T06:12:27.552Z	SNFL451	stathead-browser	NFL 1980s p:fumbles_hi	rows=17
2026-09-28T06:12:30.650Z	SNFL452	stathead-browser	NFL 1980s p:old_py	rows=1
2026-09-28T06:12:35.601Z	SNFL453	stathead-browser	NFL 1980s p:old_ry	rows=9
2026-09-28T06:12:38.774Z	SNFL454	stathead-browser	NFL 1980s p:old_rec	rows=5
2026-09-28T06:12:43.754Z	SNFL455	stathead-browser	NFL 1980s p:old_dint	rows=3
2026-09-28T06:12:46.706Z	SNFL456	stathead-browser	NFL 1980s p:yng_ry	rows=2
2026-09-28T06:12:52.006Z	SNFL457	stathead-browser	NFL 1980s p:yng_td	rows=2
2026-09-28T06:12:54.848Z	SNFL458	stathead-browser	NFL 1980s p:yng_recy	rows=3
2026-09-28T06:12:58.860Z	SNFL459	stathead-browser	NFL 1980s p:yng_sacks	rows=5
2026-09-28T06:13:03.664Z	SNFL460	stathead-browser	NFL 1980s p:games_ry	rows=2
2026-09-28T06:13:07.830Z	SNFL461	stathead-browser	NFL 1980s p:games_td	rows=1
2026-09-28T06:13:12.118Z	SNFL462	stathead-browser	NFL 1980s p:qb_w	rows=4
2026-09-28T06:13:15.725Z	SNFL463	stathead-browser	NFL 1980s p:comebacks	rows=5
2026-09-28T06:13:20.441Z	SNFL464	stathead-browser	NFL 1980s p:int_pct	rows=2
2026-09-28T06:13:23.845Z	SNFL465	stathead-browser	NFL 1980s p:td_pct	rows=1
2026-09-28T06:13:27.530Z	SNFL466	stathead-browser	NFL 1980s p:rypg	rows=4
2026-09-28T06:13:31.424Z	SNFL467	stathead-browser	NFL 1980s p:recypg	rows=2
2026-09-28T06:13:36.300Z	SNFL468	stathead-browser	NFL 1980s p:pypg	rows=3
2026-09-28T06:13:39.440Z	SNFL469	stathead-browser	NFL 1980s p:xpm_hi	rows=2
2026-09-28T06:13:44.362Z	SNFL470	stathead-browser	NFL 1980s p:safety	rows=3
2026-09-28T06:13:47.505Z	SNFL471	stathead-browser	NFL 1980s p:pr_avg	rows=4
2026-09-28T06:13:51.407Z	SNFL472	stathead-browser	NFL 1980s p:kr_avg	rows=2
2026-09-28T06:13:55.920Z	SNFL473	stathead-browser	NFL 1980s p:int_yds	rows=9
2026-09-28T06:14:00.755Z	SNFL474	stathead-browser	NFL 1980s p:x_py	rows=200	CAPPED
2026-09-28T06:14:05.852Z	SNFL475	stathead-browser	NFL 1980s p:x_ptd	rows=200	CAPPED
2026-09-28T06:14:09.720Z	SNFL476	stathead-browser	NFL 1980s p:x_int	rows=200	CAPPED
2026-09-28T06:14:17.143Z	SNFL477	stathead-browser	NFL 1980s p:x_ry	rows=200	CAPPED
2026-09-28T06:14:22.676Z	SNFL478	stathead-browser	NFL 1980s p:x_rec	rows=200	CAPPED
2026-09-28T06:14:26.283Z	SNFL479	stathead-browser	NFL 1980s p:x_recy	rows=200	CAPPED
2026-09-28T06:14:31.130Z	SNFL480	stathead-browser	NFL 1980s p:x_dint	rows=200	CAPPED
2026-09-28T06:14:34.345Z	SNFL481	stathead-browser	NFL 1980s p:x_sacks	rows=200	CAPPED
2026-09-28T06:14:39.030Z	SNFL482	stathead-browser	NFL 1980s p:x_pts	rows=200	CAPPED
2026-09-28T06:14:42.744Z	SNFL483	stathead-browser	NFL 1980s p:x_alltd	rows=200	CAPPED
2026-09-28T06:14:46.480Z	SNFL484	stathead-browser	NFL 1980s p:x_ypc	rows=200	CAPPED
2026-09-28T06:14:50.490Z	SNFL485	stathead-browser	NFL 1980s p:x_ypr	rows=200	CAPPED
2026-09-28T06:14:54.817Z	SNFL486	stathead-browser	NFL 1980s p:x_cmp_low	rows=111
2026-09-28T06:14:58.949Z	SNFL487	stathead-browser	NFL 1980s p:x_rate	rows=200	CAPPED
2026-09-28T06:15:02.371Z	SNFL488	stathead-browser	NFL 1980s p:x_apy	rows=200	CAPPED
2026-09-28T06:15:07.155Z	SNFL489	stathead-browser	NFL 1980s p:x_fgm	rows=200	CAPPED
2026-09-28T06:15:10.997Z	SNFL490	stathead-browser	NFL 1980s p:x_car	rows=200	CAPPED
2026-09-28T06:15:15.737Z	SNFL491	stathead-browser	NFL 1980s p:x_rtd	rows=200	CAPPED
2026-09-28T06:15:19.118Z	SNFL492	stathead-browser	NFL 1980s p:x_rectd	rows=200	CAPPED
2026-09-28T06:15:23.706Z	SNFL493	stathead-browser	NFL 1980s p:x_scrim	rows=200	CAPPED
2026-09-28T06:15:27.058Z	SNFL494	stathead-browser	NFL 1980s p:x_punt	rows=200	CAPPED
2026-09-28T06:15:31.111Z	SNFL495	stathead-browser	NFL 1980s p:t_py	rows=200	CAPPED
2026-09-28T06:15:35.273Z	SNFL496	stathead-browser	NFL 1980s p:t_ptd	rows=200	CAPPED
2026-09-28T06:15:38.500Z	SNFL497	stathead-browser	NFL 1980s p:t_ry	rows=200	CAPPED
2026-09-28T06:15:42.357Z	SNFL498	stathead-browser	NFL 1980s p:t_rec	rows=200	CAPPED
2026-09-28T06:15:46.503Z	SNFL499	stathead-browser	NFL 1980s p:t_recy	rows=200	CAPPED
2026-09-28T06:15:50.203Z	SNFL500	stathead-browser	NFL 1980s p:t_dint	rows=200	CAPPED
2026-09-28T06:15:54.303Z	SNFL501	stathead-browser	NFL 1980s p:t_sacks	rows=200	CAPPED
2026-09-28T06:15:58.623Z	SNFL502	stathead-browser	NFL 1980s p:t_pts	rows=200	CAPPED
2026-09-28T06:16:02.531Z	SNFL503	stathead-browser	NFL 1980s p:t_alltd	rows=200	CAPPED
2026-09-28T06:16:06.552Z	SNFL504	stathead-browser	NFL 1980s p:t_fgm	rows=104
2026-09-28T06:16:11.594Z	SNFL505	stathead-browser	NFL 1980s p:t_int	rows=200	CAPPED
2026-09-28T06:16:14.649Z	SNFL506	stathead-browser	NFL 1980s p:n_ry	rows=1
2026-09-28T06:16:18.580Z	SNFL507	stathead-browser	NFL 1980s p:n_recy	rows=4
2026-09-28T06:16:22.962Z	SNFL508	stathead-browser	NFL 1980s p:n_py	rows=1
2026-09-28T06:16:27.112Z	SNFL509	stathead-browser	NFL 1980s p:n_py4	rows=1
2026-09-28T06:16:30.597Z	SNFL510	stathead-browser	NFL 1980s p:n_rec	rows=0
2026-09-28T06:16:35.908Z	SNFL511	stathead-browser	NFL 1990s p:td_hi	rows=7
2026-09-28T06:16:38.924Z	SNFL512	stathead-browser	NFL 1990s p:yds_hi	rows=6
2026-09-28T06:16:44.334Z	SNFL513	stathead-browser	NFL 1990s p:int_hi	rows=3
2026-09-28T06:16:47.358Z	SNFL514	stathead-browser	NFL 1990s p:td_int	rows=1
2026-09-28T06:16:51.612Z	SNFL515	stathead-browser	NFL 1990s p:yds_lowtd	rows=3
2026-09-28T06:16:55.555Z	SNFL516	stathead-browser	NFL 1990s p:cmp_hi	rows=7
2026-09-28T06:17:00.070Z	SNFL517	stathead-browser	NFL 1990s p:rate_hi	rows=1
2026-09-28T06:17:03.826Z	SNFL518	stathead-browser	NFL 1990s p:ypa_hi	rows=11
2026-09-28T06:17:07.662Z	SNFL519	stathead-browser	NFL 1990s p:sacked	rows=5
2026-09-28T06:17:10.511Z	SNFL520	stathead-browser	NFL 1990s p:qb_rush	rows=2
2026-09-28T06:17:14.463Z	SNFL521	stathead-browser	NFL 1990s p:qb_rtd	rows=3
2026-09-28T06:17:20.342Z	SNFL522	stathead-browser	NFL 1990s p:ry_hi	rows=4
2026-09-28T06:17:23.088Z	SNFL523	stathead-browser	NFL 1990s p:rtd_hi	rows=5
2026-09-28T06:17:28.436Z	SNFL524	stathead-browser	NFL 1990s p:car_hi	rows=6
2026-09-28T06:17:31.185Z	SNFL525	stathead-browser	NFL 1990s p:ypc_hi	rows=5
2026-09-28T06:17:35.713Z	SNFL526	stathead-browser	NFL 1990s p:ry_slow	rows=33
2026-09-28T06:17:38.737Z	SNFL527	stathead-browser	NFL 1990s p:rb_rec	rows=6
2026-09-28T06:17:43.072Z	SNFL528	stathead-browser	NFL 1990s p:scrim_hi	rows=4
2026-09-28T06:17:47.434Z	SNFL529	stathead-browser	NFL 1990s p:alltd_hi	rows=3
2026-09-28T06:17:51.416Z	SNFL530	stathead-browser	NFL 1990s p:rec_hi	rows=11
2026-09-28T06:17:55.331Z	SNFL531	stathead-browser	NFL 1990s p:recy_hi	rows=6
2026-09-28T06:17:59.379Z	SNFL532	stathead-browser	NFL 1990s p:rectd_hi	rows=4
2026-09-28T06:18:03.446Z	SNFL533	stathead-browser	NFL 1990s p:ypr_hi	rows=5
2026-09-28T06:18:07.352Z	SNFL534	stathead-browser	NFL 1990s p:rec_short	rows=3
2026-09-28T06:18:11.642Z	SNFL535	stathead-browser	NFL 1990s p:recy_few	rows=1
2026-09-28T06:18:14.792Z	SNFL536	stathead-browser	NFL 1990s p:te_1000	rows=4
2026-09-28T06:18:19.315Z	SNFL537	stathead-browser	NFL 1990s p:dint_hi	rows=10
2026-09-28T06:18:25.546Z	SNFL538	stathead-browser	NFL 1990s p:int_td	rows=8
2026-09-28T06:18:28.277Z	SNFL539	stathead-browser	NFL 1990s p:sacks_hi	rows=13
2026-09-28T06:18:32.160Z	SNFL540	stathead-browser	NFL 1990s p:tkl_hi	rows=18
2026-09-28T06:18:36.216Z	SNFL541	stathead-browser	NFL 1990s p:ff_hi	rows=29
2026-09-28T06:18:40.126Z	SNFL542	stathead-browser	NFL 1990s p:fumrec_hi	rows=17
2026-09-28T06:18:44.367Z	SNFL543	stathead-browser	NFL 1990s p:fgm_hi	rows=6
2026-09-28T06:18:48.822Z	SNFL544	stathead-browser	NFL 1990s p:fg_perfect	rows=2
2026-09-28T06:18:52.417Z	SNFL545	stathead-browser	NFL 1990s p:pts_hi	rows=2
2026-09-28T06:18:57.880Z	SNFL546	stathead-browser	NFL 1990s p:kr_td	rows=1
2026-09-28T06:19:00.492Z	SNFL547	stathead-browser	NFL 1990s p:pr_td	rows=3
2026-09-28T06:19:06.644Z	SNFL548	stathead-browser	NFL 1990s p:apy_hi	rows=0
2026-09-28T06:19:09.550Z	SNFL549	stathead-browser	NFL 1990s p:punt_avg	rows=5
2026-09-28T06:19:13.377Z	SNFL550	stathead-browser	NFL 1990s p:fumbles_hi	rows=14
2026-09-28T06:19:16.807Z	SNFL551	stathead-browser	NFL 1990s p:old_py	rows=16
2026-09-28T06:19:20.914Z	SNFL552	stathead-browser	NFL 1990s p:old_ry	rows=1
2026-09-28T06:19:24.645Z	SNFL553	stathead-browser	NFL 1990s p:old_rec	rows=13
2026-09-28T06:19:28.819Z	SNFL554	stathead-browser	NFL 1990s p:old_dint	rows=2
2026-09-28T06:19:32.841Z	SNFL555	stathead-browser	NFL 1990s p:yng_ry	rows=8
2026-09-28T06:19:36.846Z	SNFL556	stathead-browser	NFL 1990s p:yng_td	rows=3
2026-09-28T06:19:40.826Z	SNFL557	stathead-browser	NFL 1990s p:yng_recy	rows=3
2026-09-28T06:19:44.819Z	SNFL558	stathead-browser	NFL 1990s p:yng_sacks	rows=3
2026-09-28T06:19:49.484Z	SNFL559	stathead-browser	NFL 1990s p:games_ry	rows=3
2026-09-28T06:19:53.723Z	SNFL560	stathead-browser	NFL 1990s p:games_td	rows=0
2026-09-28T06:19:59.159Z	SNFL561	stathead-browser	NFL 1990s p:qb_w	rows=3
2026-09-28T06:20:02.328Z	SNFL562	stathead-browser	NFL 1990s p:comebacks	rows=3
2026-09-28T06:20:06.422Z	SNFL563	stathead-browser	NFL 1990s p:int_pct	rows=0
2026-09-28T06:20:10.311Z	SNFL564	stathead-browser	NFL 1990s p:td_pct	rows=2
2026-09-28T06:20:14.005Z	SNFL565	stathead-browser	NFL 1990s p:rypg	rows=7
2026-09-28T06:20:17.948Z	SNFL566	stathead-browser	NFL 1990s p:recypg	rows=6
2026-09-28T06:20:22.389Z	SNFL567	stathead-browser	NFL 1990s p:pypg	rows=1
2026-09-28T06:20:25.912Z	SNFL568	stathead-browser	NFL 1990s p:xpm_hi	rows=2
2026-09-28T06:20:29.907Z	SNFL569	stathead-browser	NFL 1990s p:safety	rows=4
2026-09-28T06:20:34.976Z	SNFL570	stathead-browser	NFL 1990s p:pr_avg	rows=10
2026-09-28T06:20:37.879Z	SNFL571	stathead-browser	NFL 1990s p:kr_avg	rows=1
2026-09-28T06:20:42.547Z	SNFL572	stathead-browser	NFL 1990s p:int_yds	rows=10
2026-09-28T06:20:47.128Z	SNFL573	stathead-browser	NFL 1990s p:x_py	rows=200	CAPPED
2026-09-28T06:20:51.047Z	SNFL574	stathead-browser	NFL 1990s p:x_ptd	rows=200	CAPPED
2026-09-28T06:20:55.420Z	SNFL575	stathead-browser	NFL 1990s p:x_int	rows=200	CAPPED
2026-09-28T06:20:58.571Z	SNFL576	stathead-browser	NFL 1990s p:x_ry	rows=200	CAPPED
2026-09-28T06:21:02.621Z	SNFL577	stathead-browser	NFL 1990s p:x_rec	rows=200	CAPPED
2026-09-28T06:21:06.692Z	SNFL578	stathead-browser	NFL 1990s p:x_recy	rows=200	CAPPED
2026-09-28T06:21:11.059Z	SNFL579	stathead-browser	NFL 1990s p:x_dint	rows=200	CAPPED
2026-09-28T06:21:14.320Z	SNFL580	stathead-browser	NFL 1990s p:x_sacks	rows=200	CAPPED
2026-09-28T06:21:19.423Z	SNFL581	stathead-browser	NFL 1990s p:x_pts	rows=200	CAPPED
2026-09-28T06:21:22.548Z	SNFL582	stathead-browser	NFL 1990s p:x_alltd	rows=200	CAPPED
2026-09-28T06:21:27.010Z	SNFL583	stathead-browser	NFL 1990s p:x_ypc	rows=200	CAPPED
2026-09-28T06:21:30.773Z	SNFL584	stathead-browser	NFL 1990s p:x_ypr	rows=200	CAPPED
2026-09-28T06:21:35.148Z	SNFL585	stathead-browser	NFL 1990s p:x_cmp_low	rows=118
2026-09-28T06:21:39.185Z	SNFL586	stathead-browser	NFL 1990s p:x_rate	rows=200	CAPPED
2026-09-28T06:21:42.495Z	SNFL587	stathead-browser	NFL 1990s p:x_apy	rows=200	CAPPED
2026-09-28T06:21:46.595Z	SNFL588	stathead-browser	NFL 1990s p:x_fgm	rows=200	CAPPED
2026-09-28T06:21:50.652Z	SNFL589	stathead-browser	NFL 1990s p:x_car	rows=200	CAPPED
2026-09-28T06:21:54.554Z	SNFL590	stathead-browser	NFL 1990s p:x_rtd	rows=200	CAPPED
2026-09-28T06:21:58.899Z	SNFL591	stathead-browser	NFL 1990s p:x_rectd	rows=200	CAPPED
2026-09-28T06:22:03.451Z	SNFL592	stathead-browser	NFL 1990s p:x_scrim	rows=200	CAPPED
2026-09-28T06:22:06.525Z	SNFL593	stathead-browser	NFL 1990s p:x_ff	rows=200	CAPPED
2026-09-28T06:22:10.774Z	SNFL594	stathead-browser	NFL 1990s p:x_punt	rows=200	CAPPED
2026-09-28T06:22:14.939Z	SNFL595	stathead-browser	NFL 1990s p:t_py	rows=200	CAPPED
2026-09-28T06:22:18.946Z	SNFL596	stathead-browser	NFL 1990s p:t_ptd	rows=185
2026-09-28T06:22:22.085Z	SNFL597	stathead-browser	NFL 1990s p:t_ry	rows=200	CAPPED
2026-09-28T06:22:26.349Z	SNFL598	stathead-browser	NFL 1990s p:t_rec	rows=200	CAPPED
2026-09-28T06:22:30.232Z	SNFL599	stathead-browser	NFL 1990s p:t_recy	rows=200	CAPPED
2026-09-28T06:22:34.144Z	SNFL600	stathead-browser	NFL 1990s p:t_dint	rows=200	CAPPED
2026-09-28T06:22:38.730Z	SNFL601	stathead-browser	NFL 1990s p:t_sacks	rows=200	CAPPED
2026-09-28T06:22:42.375Z	SNFL602	stathead-browser	NFL 1990s p:t_pts	rows=200	CAPPED
2026-09-28T06:22:46.970Z	SNFL603	stathead-browser	NFL 1990s p:t_alltd	rows=200	CAPPED
2026-09-28T06:22:50.185Z	SNFL604	stathead-browser	NFL 1990s p:t_fgm	rows=72
2026-09-28T06:22:54.961Z	SNFL605	stathead-browser	NFL 1990s p:t_int	rows=187
2026-09-28T06:22:58.373Z	SNFL606	stathead-browser	NFL 1990s p:n_ry	rows=1
2026-09-28T06:23:02.441Z	SNFL607	stathead-browser	NFL 1990s p:n_recy	rows=7
2026-09-28T06:23:11.323Z	SNFL608	stathead-browser	NFL 1990s p:n_py	rows=0
2026-09-28T06:23:14.370Z	SNFL609	stathead-browser	NFL 1990s p:n_py4	rows=0
2026-09-28T06:23:18.295Z	SNFL610	stathead-browser	NFL 1990s p:n_rec	rows=2
